[2021-09-18T09:30:57.123+0800][gc,heap] Heap region size: 1M
[2021-09-18T09:30:57.126+0800][gc     ] Using G1
[2021-09-18T09:30:57.126+0800][gc,heap,coops] Heap address: 0x00000007e0000000, size: 512 MB, Compressed Oops mode: Zero based, Oop shift amount: 3
[2021-09-18T09:31:00.015+0800][gc,start     ] GC(0) Pause Young (Concurrent Start) (Metadata GC Threshold)
[2021-09-18T09:31:00.016+0800][gc,task      ] GC(0) Using 8 workers of 8 for evacuation
[2021-09-18T09:31:00.031+0800][gc,phases    ] GC(0)   Pre Evacuate Collection Set: 0.0ms
[2021-09-18T09:31:00.031+0800][gc,phases    ] GC(0)   Evacuate Collection Set: 14.1ms
[2021-09-18T09:31:00.031+0800][gc,phases    ] GC(0)   Post Evacuate Collection Set: 0.6ms
[2021-09-18T09:31:00.031+0800][gc,phases    ] GC(0)   Other: 0.7ms
[2021-09-18T09:31:00.031+0800][gc,heap      ] GC(0) Eden regions: 175->0(250)
[2021-09-18T09:31:00.031+0800][gc,heap      ] GC(0) Survivor regions: 0->6(32)
[2021-09-18T09:31:00.031+0800][gc,heap      ] GC(0) Old regions: 0->0
[2021-09-18T09:31:00.031+0800][gc,heap      ] GC(0) Humongous regions: 0->0
[2021-09-18T09:31:00.031+0800][gc,metaspace ] GC(0) Metaspace: 20680K->20680K(1069056K)
[2021-09-18T09:31:00.031+0800][gc           ] GC(0) Pause Young (Concurrent Start) (Metadata GC Threshold) 175M->5M(512M) 15.568ms
[2021-09-18T09:31:00.031+0800][gc,cpu       ] GC(0) User=0.05s Sys=0.02s Real=0.02s
[2021-09-18T09:31:00.032+0800][gc           ] GC(1) Concurrent Cycle
[2021-09-18T09:31:00.032+0800][gc,marking   ] GC(1) Concurrent Clear Claimed Marks
[2021-09-18T09:31:00.032+0800][gc,marking   ] GC(1) Concurrent Clear Claimed Marks 0.093ms
[2021-09-18T09:31:00.032+0800][gc,marking   ] GC(1) Concurrent Scan Root Regions
[2021-09-18T09:31:00.035+0800][gc,marking   ] GC(1) Concurrent Scan Root Regions 3.522ms
[2021-09-18T09:31:00.035+0800][gc,marking   ] GC(1) Concurrent Mark (2.922s)
[2021-09-18T09:31:00.035+0800][gc,marking   ] GC(1) Concurrent Mark From Roots
[2021-09-18T09:31:00.036+0800][gc,task      ] GC(1) Using 2 workers of 2 for marking
[2021-09-18T09:31:00.040+0800][gc,marking   ] GC(1) Concurrent Mark From Roots 4.123ms
[2021-09-18T09:31:00.040+0800][gc,marking   ] GC(1) Concurrent Preclean
[2021-09-18T09:31:00.040+0800][gc,marking   ] GC(1) Concurrent Preclean 0.025ms
[2021-09-18T09:31:00.040+0800][gc,marking   ] GC(1) Concurrent Mark (2.922s, 2.926s) 4.190ms
[2021-09-18T09:31:00.040+0800][gc,start     ] GC(1) Pause Remark
[2021-09-18T09:31:00.044+0800][gc,stringtable] GC(1) Cleaned string and symbol table, strings: 7277 processed, 0 removed, symbols: 67843 processed, 85 removed
[2021-09-18T09:31:00.044+0800][gc            ] GC(1) Pause Remark 6M->6M(512M) 3.813ms
[2021-09-18T09:31:00.044+0800][gc,cpu        ] GC(1) User=0.00s Sys=0.00s Real=0.00s
[2021-09-18T09:31:00.044+0800][gc,marking    ] GC(1) Concurrent Rebuild Remembered Sets
[2021-09-18T09:31:00.044+0800][gc,marking    ] GC(1) Concurrent Rebuild Remembered Sets 0.040ms
[2021-09-18T09:31:00.045+0800][gc,start      ] GC(1) Pause Cleanup
[2021-09-18T09:31:00.045+0800][gc            ] GC(1) Pause Cleanup 6M->6M(512M) 0.056ms
[2021-09-18T09:31:00.045+0800][gc,cpu        ] GC(1) User=0.00s Sys=0.00s Real=0.00s
[2021-09-18T09:31:00.045+0800][gc,marking    ] GC(1) Concurrent Cleanup for Next Mark
[2021-09-18T09:31:00.048+0800][gc,marking    ] GC(1) Concurrent Cleanup for Next Mark 2.719ms
[2021-09-18T09:31:00.048+0800][gc            ] GC(1) Concurrent Cycle 16.004ms
[2021-09-18T09:31:06.799+0800][gc,start      ] GC(2) Pause Young (Normal) (G1 Evacuation Pause)
[2021-09-18T09:31:06.799+0800][gc,task       ] GC(2) Using 8 workers of 8 for evacuation
[2021-09-18T09:31:06.838+0800][gc,phases     ] GC(2)   Pre Evacuate Collection Set: 0.2ms
[2021-09-18T09:31:06.838+0800][gc,phases     ] GC(2)   Evacuate Collection Set: 36.4ms
[2021-09-18T09:31:06.838+0800][gc,phases     ] GC(2)   Post Evacuate Collection Set: 1.6ms
[2021-09-18T09:31:06.838+0800][gc,phases     ] GC(2)   Other: 0.2ms
[2021-09-18T09:31:06.838+0800][gc,heap       ] GC(2) Eden regions: 250->0(246)
[2021-09-18T09:31:06.838+0800][gc,heap       ] GC(2) Survivor regions: 6->10(32)
[2021-09-18T09:31:06.838+0800][gc,heap       ] GC(2) Old regions: 0->0
[2021-09-18T09:31:06.838+0800][gc,heap       ] GC(2) Humongous regions: 0->0
[2021-09-18T09:31:06.838+0800][gc,metaspace  ] GC(2) Metaspace: 30752K->30752K(1077248K)
[2021-09-18T09:31:06.838+0800][gc            ] GC(2) Pause Young (Normal) (G1 Evacuation Pause) 255M->9M(512M) 38.555ms
[2021-09-18T09:31:06.838+0800][gc,cpu        ] GC(2) User=0.14s Sys=0.07s Real=0.04s
[2021-09-18T09:31:09.237+0800][gc,start      ] GC(3) Pause Young (Normal) (G1 Evacuation Pause)
[2021-09-18T09:31:09.237+0800][gc,task       ] GC(3) Using 8 workers of 8 for evacuation
[2021-09-18T09:31:09.251+0800][gc,phases     ] GC(3)   Pre Evacuate Collection Set: 0.0ms
[2021-09-18T09:31:09.251+0800][gc,phases     ] GC(3)   Evacuate Collection Set: 13.1ms
[2021-09-18T09:31:09.251+0800][gc,phases     ] GC(3)   Post Evacuate Collection Set: 0.7ms
[2021-09-18T09:31:09.251+0800][gc,phases     ] GC(3)   Other: 0.2ms
[2021-09-18T09:31:09.251+0800][gc,heap       ] GC(3) Eden regions: 246->0(242)
[2021-09-18T09:31:09.251+0800][gc,heap       ] GC(3) Survivor regions: 10->14(32)
[2021-09-18T09:31:09.251+0800][gc,heap       ] GC(3) Old regions: 0->0
[2021-09-18T09:31:09.251+0800][gc,heap       ] GC(3) Humongous regions: 0->0
[2021-09-18T09:31:09.251+0800][gc,metaspace  ] GC(3) Metaspace: 33398K->33398K(1079296K)
[2021-09-18T09:31:09.251+0800][gc            ] GC(3) Pause Young (Normal) (G1 Evacuation Pause) 255M->13M(512M) 14.101ms
[2021-09-18T09:31:09.251+0800][gc,cpu        ] GC(3) User=0.06s Sys=0.02s Real=0.02s
[2021-09-18T09:31:11.629+0800][gc,start      ] GC(4) Pause Young (Concurrent Start) (Metadata GC Threshold)
[2021-09-18T09:31:11.629+0800][gc,task       ] GC(4) Using 8 workers of 8 for evacuation
[2021-09-18T09:31:11.648+0800][gc,phases     ] GC(4)   Pre Evacuate Collection Set: 0.1ms
[2021-09-18T09:31:11.648+0800][gc,phases     ] GC(4)   Evacuate Collection Set: 18.0ms
[2021-09-18T09:31:11.648+0800][gc,phases     ] GC(4)   Post Evacuate Collection Set: 0.8ms
[2021-09-18T09:31:11.648+0800][gc,phases     ] GC(4)   Other: 0.3ms
[2021-09-18T09:31:11.648+0800][gc,heap       ] GC(4) Eden regions: 204->0(240)
[2021-09-18T09:31:11.648+0800][gc,heap       ] GC(4) Survivor regions: 14->16(32)
[2021-09-18T09:31:11.648+0800][gc,heap       ] GC(4) Old regions: 0->0
[2021-09-18T09:31:11.648+0800][gc,heap       ] GC(4) Humongous regions: 0->0
[2021-09-18T09:31:11.648+0800][gc,metaspace  ] GC(4) Metaspace: 35017K->35017K(1081344K)
[2021-09-18T09:31:11.648+0800][gc            ] GC(4) Pause Young (Concurrent Start) (Metadata GC Threshold) 216M->15M(512M) 19.276ms
[2021-09-18T09:31:11.648+0800][gc,cpu        ] GC(4) User=0.08s Sys=0.03s Real=0.02s
[2021-09-18T09:31:11.648+0800][gc            ] GC(5) Concurrent Cycle
[2021-09-18T09:31:11.648+0800][gc,marking    ] GC(5) Concurrent Clear Claimed Marks
[2021-09-18T09:31:11.649+0800][gc,marking    ] GC(5) Concurrent Clear Claimed Marks 0.079ms
[2021-09-18T09:31:11.649+0800][gc,marking    ] GC(5) Concurrent Scan Root Regions
[2021-09-18T09:31:11.652+0800][gc,marking    ] GC(5) Concurrent Scan Root Regions 3.951ms
[2021-09-18T09:31:11.653+0800][gc,marking    ] GC(5) Concurrent Mark (14.539s)
[2021-09-18T09:31:11.653+0800][gc,marking    ] GC(5) Concurrent Mark From Roots
[2021-09-18T09:31:11.653+0800][gc,task       ] GC(5) Using 2 workers of 2 for marking
[2021-09-18T09:31:11.653+0800][gc,marking    ] GC(5) Concurrent Mark From Roots 0.089ms
[2021-09-18T09:31:11.653+0800][gc,marking    ] GC(5) Concurrent Preclean
[2021-09-18T09:31:11.653+0800][gc,marking    ] GC(5) Concurrent Preclean 0.023ms
[2021-09-18T09:31:11.653+0800][gc,marking    ] GC(5) Concurrent Mark (14.539s, 14.540s) 0.138ms
[2021-09-18T09:31:11.653+0800][gc,start      ] GC(5) Pause Remark
[2021-09-18T09:31:11.658+0800][gc,stringtable] GC(5) Cleaned string and symbol table, strings: 15401 processed, 0 removed, symbols: 109707 processed, 311 removed
[2021-09-18T09:31:11.658+0800][gc            ] GC(5) Pause Remark 16M->16M(512M) 5.122ms
[2021-09-18T09:31:11.658+0800][gc,cpu        ] GC(5) User=0.01s Sys=0.01s Real=0.00s
[2021-09-18T09:31:11.658+0800][gc,marking    ] GC(5) Concurrent Rebuild Remembered Sets
[2021-09-18T09:31:11.658+0800][gc,marking    ] GC(5) Concurrent Rebuild Remembered Sets 0.023ms
[2021-09-18T09:31:11.659+0800][gc,start      ] GC(5) Pause Cleanup
[2021-09-18T09:31:11.659+0800][gc            ] GC(5) Pause Cleanup 16M->16M(512M) 0.081ms
[2021-09-18T09:31:11.659+0800][gc,cpu        ] GC(5) User=0.00s Sys=0.00s Real=0.00s
[2021-09-18T09:31:11.659+0800][gc,marking    ] GC(5) Concurrent Cleanup for Next Mark
[2021-09-18T09:31:11.661+0800][gc,marking    ] GC(5) Concurrent Cleanup for Next Mark 1.601ms
[2021-09-18T09:31:11.661+0800][gc            ] GC(5) Concurrent Cycle 12.540ms
[2021-09-18T09:31:15.984+0800][gc,start      ] GC(6) Pause Young (Normal) (G1 Evacuation Pause)
[2021-09-18T09:31:15.984+0800][gc,task       ] GC(6) Using 8 workers of 8 for evacuation
[2021-09-18T09:31:16.018+0800][gc,phases     ] GC(6)   Pre Evacuate Collection Set: 0.0ms
[2021-09-18T09:31:16.018+0800][gc,phases     ] GC(6)   Evacuate Collection Set: 33.1ms
[2021-09-18T09:31:16.018+0800][gc,phases     ] GC(6)   Post Evacuate Collection Set: 1.1ms
[2021-09-18T09:31:16.018+0800][gc,phases     ] GC(6)   Other: 0.1ms
[2021-09-18T09:31:16.018+0800][gc,heap       ] GC(6) Eden regions: 240->0(235)
[2021-09-18T09:31:16.018+0800][gc,heap       ] GC(6) Survivor regions: 16->21(32)
[2021-09-18T09:31:16.018+0800][gc,heap       ] GC(6) Old regions: 0->0
[2021-09-18T09:31:16.018+0800][gc,heap       ] GC(6) Humongous regions: 0->0
[2021-09-18T09:31:16.018+0800][gc,metaspace  ] GC(6) Metaspace: 44776K->44776K(1089536K)
[2021-09-18T09:31:16.018+0800][gc            ] GC(6) Pause Young (Normal) (G1 Evacuation Pause) 255M->21M(512M) 34.523ms
[2021-09-18T09:31:16.018+0800][gc,cpu        ] GC(6) User=0.13s Sys=0.05s Real=0.03s
[2021-09-18T09:31:20.495+0800][gc,start      ] GC(7) Pause Young (Normal) (G1 Evacuation Pause)
[2021-09-18T09:31:20.495+0800][gc,task       ] GC(7) Using 8 workers of 8 for evacuation
[2021-09-18T09:31:20.539+0800][gc,phases     ] GC(7)   Pre Evacuate Collection Set: 0.0ms
[2021-09-18T09:31:20.539+0800][gc,phases     ] GC(7)   Evacuate Collection Set: 41.9ms
[2021-09-18T09:31:20.539+0800][gc,phases     ] GC(7)   Post Evacuate Collection Set: 1.6ms
[2021-09-18T09:31:20.539+0800][gc,phases     ] GC(7)   Other: 0.1ms
[2021-09-18T09:31:20.539+0800][gc,heap       ] GC(7) Eden regions: 235->0(233)
[2021-09-18T09:31:20.539+0800][gc,heap       ] GC(7) Survivor regions: 21->23(32)
[2021-09-18T09:31:20.539+0800][gc,heap       ] GC(7) Old regions: 0->5
[2021-09-18T09:31:20.539+0800][gc,heap       ] GC(7) Humongous regions: 0->0
[2021-09-18T09:31:20.539+0800][gc,metaspace  ] GC(7) Metaspace: 57119K->57119K(1101824K)
[2021-09-18T09:31:20.539+0800][gc            ] GC(7) Pause Young (Normal) (G1 Evacuation Pause) 256M->27M(512M) 43.753ms
[2021-09-18T09:31:20.539+0800][gc,cpu        ] GC(7) User=0.19s Sys=0.05s Real=0.04s
[2021-09-18T09:31:20.738+0800][gc,start      ] GC(8) Pause Young (Concurrent Start) (Metadata GC Threshold)
[2021-09-18T09:31:20.738+0800][gc,task       ] GC(8) Using 8 workers of 8 for evacuation
[2021-09-18T09:31:20.754+0800][gc,phases     ] GC(8)   Pre Evacuate Collection Set: 0.1ms
[2021-09-18T09:31:20.754+0800][gc,phases     ] GC(8)   Evacuate Collection Set: 15.6ms
[2021-09-18T09:31:20.754+0800][gc,phases     ] GC(8)   Post Evacuate Collection Set: 0.5ms
[2021-09-18T09:31:20.754+0800][gc,phases     ] GC(8)   Other: 0.1ms
[2021-09-18T09:31:20.754+0800][gc,heap       ] GC(8) Eden regions: 7->0(239)
[2021-09-18T09:31:20.754+0800][gc,heap       ] GC(8) Survivor regions: 23->17(32)
[2021-09-18T09:31:20.754+0800][gc,heap       ] GC(8) Old regions: 5->12
[2021-09-18T09:31:20.754+0800][gc,heap       ] GC(8) Humongous regions: 0->0
[2021-09-18T09:31:20.754+0800][gc,metaspace  ] GC(8) Metaspace: 58697K->58697K(1101824K)
[2021-09-18T09:31:20.754+0800][gc            ] GC(8) Pause Young (Concurrent Start) (Metadata GC Threshold) 34M->28M(512M) 16.488ms
[2021-09-18T09:31:20.754+0800][gc,cpu        ] GC(8) User=0.08s Sys=0.01s Real=0.02s
[2021-09-18T09:31:20.754+0800][gc            ] GC(9) Concurrent Cycle
[2021-09-18T09:31:20.754+0800][gc,marking    ] GC(9) Concurrent Clear Claimed Marks
[2021-09-18T09:31:20.755+0800][gc,marking    ] GC(9) Concurrent Clear Claimed Marks 0.133ms
[2021-09-18T09:31:20.755+0800][gc,marking    ] GC(9) Concurrent Scan Root Regions
[2021-09-18T09:31:20.759+0800][gc,marking    ] GC(9) Concurrent Scan Root Regions 4.743ms
[2021-09-18T09:31:20.760+0800][gc,marking    ] GC(9) Concurrent Mark (23.647s)
[2021-09-18T09:31:20.760+0800][gc,marking    ] GC(9) Concurrent Mark From Roots
[2021-09-18T09:31:20.760+0800][gc,task       ] GC(9) Using 2 workers of 2 for marking
[2021-09-18T09:31:20.767+0800][gc,marking    ] GC(9) Concurrent Mark From Roots 7.237ms
[2021-09-18T09:31:20.767+0800][gc,marking    ] GC(9) Concurrent Preclean
[2021-09-18T09:31:20.767+0800][gc,marking    ] GC(9) Concurrent Preclean 0.052ms
[2021-09-18T09:31:20.767+0800][gc,marking    ] GC(9) Concurrent Mark (23.647s, 23.654s) 7.354ms
[2021-09-18T09:31:20.768+0800][gc,start      ] GC(9) Pause Remark
[2021-09-18T09:31:20.787+0800][gc,stringtable] GC(9) Cleaned string and symbol table, strings: 29790 processed, 24 removed, symbols: 170826 processed, 324 removed
[2021-09-18T09:31:20.787+0800][gc            ] GC(9) Pause Remark 29M->29M(512M) 19.689ms
[2021-09-18T09:31:20.787+0800][gc,cpu        ] GC(9) User=0.06s Sys=0.04s Real=0.02s
[2021-09-18T09:31:20.787+0800][gc,marking    ] GC(9) Concurrent Rebuild Remembered Sets
[2021-09-18T09:31:20.793+0800][gc,marking    ] GC(9) Concurrent Rebuild Remembered Sets 5.739ms
[2021-09-18T09:31:20.794+0800][gc,start      ] GC(9) Pause Cleanup
[2021-09-18T09:31:20.794+0800][gc            ] GC(9) Pause Cleanup 29M->29M(512M) 0.113ms
[2021-09-18T09:31:20.794+0800][gc,cpu        ] GC(9) User=0.00s Sys=0.00s Real=0.00s
[2021-09-18T09:31:20.794+0800][gc,marking    ] GC(9) Concurrent Cleanup for Next Mark
[2021-09-18T09:31:20.800+0800][gc,marking    ] GC(9) Concurrent Cleanup for Next Mark 6.612ms
[2021-09-18T09:31:20.801+0800][gc            ] GC(9) Concurrent Cycle 46.143ms
[2021-09-18T09:31:25.139+0800][gc,start      ] GC(10) Pause Young (Normal) (G1 Evacuation Pause)
[2021-09-18T09:31:25.139+0800][gc,task       ] GC(10) Using 8 workers of 8 for evacuation
[2021-09-18T09:31:25.164+0800][gc,phases     ] GC(10)   Pre Evacuate Collection Set: 0.0ms
[2021-09-18T09:31:25.164+0800][gc,phases     ] GC(10)   Evacuate Collection Set: 23.2ms
[2021-09-18T09:31:25.164+0800][gc,phases     ] GC(10)   Post Evacuate Collection Set: 1.2ms
[2021-09-18T09:31:25.164+0800][gc,phases     ] GC(10)   Other: 0.3ms
[2021-09-18T09:31:25.164+0800][gc,heap       ] GC(10) Eden regions: 239->0(231)
[2021-09-18T09:31:25.164+0800][gc,heap       ] GC(10) Survivor regions: 17->25(32)
[2021-09-18T09:31:25.164+0800][gc,heap       ] GC(10) Old regions: 12->12
[2021-09-18T09:31:25.164+0800][gc,heap       ] GC(10) Humongous regions: 6->6
[2021-09-18T09:31:25.164+0800][gc,metaspace  ] GC(10) Metaspace: 68531K->68531K(1112064K)
[2021-09-18T09:31:25.164+0800][gc            ] GC(10) Pause Young (Normal) (G1 Evacuation Pause) 273M->42M(512M) 24.774ms
[2021-09-18T09:31:25.164+0800][gc,cpu        ] GC(10) User=0.12s Sys=0.02s Real=0.03s
[2021-09-18T09:44:21.268+0800][gc,start      ] GC(11) Pause Young (Normal) (G1 Evacuation Pause)
[2021-09-18T09:44:21.269+0800][gc,task       ] GC(11) Using 8 workers of 8 for evacuation
[2021-09-18T09:44:21.371+0800][gc,phases     ] GC(11)   Pre Evacuate Collection Set: 0.6ms
[2021-09-18T09:44:21.372+0800][gc,phases     ] GC(11)   Evacuate Collection Set: 97.8ms
[2021-09-18T09:44:21.372+0800][gc,phases     ] GC(11)   Post Evacuate Collection Set: 3.4ms
[2021-09-18T09:44:21.372+0800][gc,phases     ] GC(11)   Other: 2.2ms
[2021-09-18T09:44:21.372+0800][gc,heap       ] GC(11) Eden regions: 231->0(235)
[2021-09-18T09:44:21.372+0800][gc,heap       ] GC(11) Survivor regions: 25->21(32)
[2021-09-18T09:44:21.372+0800][gc,heap       ] GC(11) Old regions: 12->18
[2021-09-18T09:44:21.372+0800][gc,heap       ] GC(11) Humongous regions: 14->14
[2021-09-18T09:44:21.372+0800][gc,metaspace  ] GC(11) Metaspace: 78397K->78397K(1120256K)
[2021-09-18T09:44:21.372+0800][gc            ] GC(11) Pause Young (Normal) (G1 Evacuation Pause) 281M->53M(512M) 104.113ms
[2021-09-18T09:44:21.372+0800][gc,cpu        ] GC(11) User=0.17s Sys=0.19s Real=0.11s
