[2021-09-18T13:54:42.337+0800][gc,heap] Heap region size: 1M
[2021-09-18T13:54:42.340+0800][gc     ] Using G1
[2021-09-18T13:54:42.340+0800][gc,heap,coops] Heap address: 0x00000007e0000000, size: 512 MB, Compressed Oops mode: Zero based, Oop shift amount: 3
[2021-09-18T13:54:45.424+0800][gc,start     ] GC(0) Pause Young (Concurrent Start) (Metadata GC Threshold)
[2021-09-18T13:54:45.424+0800][gc,task      ] GC(0) Using 8 workers of 8 for evacuation
[2021-09-18T13:54:45.453+0800][gc,phases    ] GC(0)   Pre Evacuate Collection Set: 0.0ms
[2021-09-18T13:54:45.453+0800][gc,phases    ] GC(0)   Evacuate Collection Set: 27.0ms
[2021-09-18T13:54:45.453+0800][gc,phases    ] GC(0)   Post Evacuate Collection Set: 0.9ms
[2021-09-18T13:54:45.453+0800][gc,phases    ] GC(0)   Other: 0.9ms
[2021-09-18T13:54:45.453+0800][gc,heap      ] GC(0) Eden regions: 171->0(250)
[2021-09-18T13:54:45.453+0800][gc,heap      ] GC(0) Survivor regions: 0->6(32)
[2021-09-18T13:54:45.453+0800][gc,heap      ] GC(0) Old regions: 0->0
[2021-09-18T13:54:45.453+0800][gc,heap      ] GC(0) Humongous regions: 0->0
[2021-09-18T13:54:45.453+0800][gc,metaspace ] GC(0) Metaspace: 20760K->20760K(1069056K)
[2021-09-18T13:54:45.453+0800][gc           ] GC(0) Pause Young (Concurrent Start) (Metadata GC Threshold) 171M->5M(512M) 28.964ms
[2021-09-18T13:54:45.453+0800][gc,cpu       ] GC(0) User=0.08s Sys=0.04s Real=0.03s
[2021-09-18T13:54:45.453+0800][gc           ] GC(1) Concurrent Cycle
[2021-09-18T13:54:45.453+0800][gc,marking   ] GC(1) Concurrent Clear Claimed Marks
[2021-09-18T13:54:45.453+0800][gc,marking   ] GC(1) Concurrent Clear Claimed Marks 0.038ms
[2021-09-18T13:54:45.453+0800][gc,marking   ] GC(1) Concurrent Scan Root Regions
[2021-09-18T13:54:45.455+0800][gc,marking   ] GC(1) Concurrent Scan Root Regions 1.795ms
[2021-09-18T13:54:45.455+0800][gc,marking   ] GC(1) Concurrent Mark (3.128s)
[2021-09-18T13:54:45.455+0800][gc,marking   ] GC(1) Concurrent Mark From Roots
[2021-09-18T13:54:45.455+0800][gc,task      ] GC(1) Using 2 workers of 2 for marking
[2021-09-18T13:54:45.455+0800][gc,marking   ] GC(1) Concurrent Mark From Roots 0.169ms
[2021-09-18T13:54:45.455+0800][gc,marking   ] GC(1) Concurrent Preclean
[2021-09-18T13:54:45.456+0800][gc,marking   ] GC(1) Concurrent Preclean 0.058ms
[2021-09-18T13:54:45.456+0800][gc,marking   ] GC(1) Concurrent Mark (3.128s, 3.129s) 0.310ms
[2021-09-18T13:54:45.458+0800][gc,start     ] GC(1) Pause Remark
[2021-09-18T13:54:45.463+0800][gc,stringtable] GC(1) Cleaned string and symbol table, strings: 7292 processed, 0 removed, symbols: 67949 processed, 85 removed
[2021-09-18T13:54:45.464+0800][gc            ] GC(1) Pause Remark 5M->5M(512M) 5.781ms
[2021-09-18T13:54:45.464+0800][gc,cpu        ] GC(1) User=0.02s Sys=0.00s Real=0.01s
[2021-09-18T13:54:45.464+0800][gc,marking    ] GC(1) Concurrent Rebuild Remembered Sets
[2021-09-18T13:54:45.464+0800][gc,marking    ] GC(1) Concurrent Rebuild Remembered Sets 0.125ms
[2021-09-18T13:54:45.464+0800][gc,start      ] GC(1) Pause Cleanup
[2021-09-18T13:54:45.464+0800][gc            ] GC(1) Pause Cleanup 5M->5M(512M) 0.065ms
[2021-09-18T13:54:45.464+0800][gc,cpu        ] GC(1) User=0.00s Sys=0.00s Real=0.00s
[2021-09-18T13:54:45.465+0800][gc,marking    ] GC(1) Concurrent Cleanup for Next Mark
[2021-09-18T13:54:45.475+0800][gc,marking    ] GC(1) Concurrent Cleanup for Next Mark 10.128ms
[2021-09-18T13:54:45.475+0800][gc            ] GC(1) Concurrent Cycle 21.764ms
[2021-09-18T13:54:52.127+0800][gc,start      ] GC(2) Pause Young (Normal) (G1 Evacuation Pause)
[2021-09-18T13:54:52.128+0800][gc,task       ] GC(2) Using 8 workers of 8 for evacuation
[2021-09-18T13:54:52.168+0800][gc,phases     ] GC(2)   Pre Evacuate Collection Set: 0.1ms
[2021-09-18T13:54:52.168+0800][gc,phases     ] GC(2)   Evacuate Collection Set: 39.1ms
[2021-09-18T13:54:52.168+0800][gc,phases     ] GC(2)   Post Evacuate Collection Set: 1.6ms
[2021-09-18T13:54:52.168+0800][gc,phases     ] GC(2)   Other: 0.2ms
[2021-09-18T13:54:52.168+0800][gc,heap       ] GC(2) Eden regions: 250->0(246)
[2021-09-18T13:54:52.168+0800][gc,heap       ] GC(2) Survivor regions: 6->10(32)
[2021-09-18T13:54:52.168+0800][gc,heap       ] GC(2) Old regions: 0->0
[2021-09-18T13:54:52.168+0800][gc,heap       ] GC(2) Humongous regions: 0->0
[2021-09-18T13:54:52.169+0800][gc,metaspace  ] GC(2) Metaspace: 30779K->30779K(1077248K)
[2021-09-18T13:54:52.169+0800][gc            ] GC(2) Pause Young (Normal) (G1 Evacuation Pause) 255M->9M(512M) 41.038ms
[2021-09-18T13:54:52.169+0800][gc,cpu        ] GC(2) User=0.14s Sys=0.07s Real=0.04s
[2021-09-18T13:54:54.637+0800][gc,start      ] GC(3) Pause Young (Normal) (G1 Evacuation Pause)
[2021-09-18T13:54:54.637+0800][gc,task       ] GC(3) Using 8 workers of 8 for evacuation
[2021-09-18T13:54:54.657+0800][gc,phases     ] GC(3)   Pre Evacuate Collection Set: 0.0ms
[2021-09-18T13:54:54.657+0800][gc,phases     ] GC(3)   Evacuate Collection Set: 19.0ms
[2021-09-18T13:54:54.657+0800][gc,phases     ] GC(3)   Post Evacuate Collection Set: 0.7ms
[2021-09-18T13:54:54.657+0800][gc,phases     ] GC(3)   Other: 0.1ms
[2021-09-18T13:54:54.657+0800][gc,heap       ] GC(3) Eden regions: 246->0(242)
[2021-09-18T13:54:54.657+0800][gc,heap       ] GC(3) Survivor regions: 10->14(32)
[2021-09-18T13:54:54.657+0800][gc,heap       ] GC(3) Old regions: 0->0
[2021-09-18T13:54:54.657+0800][gc,heap       ] GC(3) Humongous regions: 0->0
[2021-09-18T13:54:54.657+0800][gc,metaspace  ] GC(3) Metaspace: 33425K->33425K(1079296K)
[2021-09-18T13:54:54.657+0800][gc            ] GC(3) Pause Young (Normal) (G1 Evacuation Pause) 255M->13M(512M) 19.956ms
[2021-09-18T13:54:54.657+0800][gc,cpu        ] GC(3) User=0.08s Sys=0.03s Real=0.02s
[2021-09-18T13:54:57.082+0800][gc,start      ] GC(4) Pause Young (Concurrent Start) (Metadata GC Threshold)
[2021-09-18T13:54:57.082+0800][gc,task       ] GC(4) Using 8 workers of 8 for evacuation
[2021-09-18T13:54:57.101+0800][gc,phases     ] GC(4)   Pre Evacuate Collection Set: 0.1ms
[2021-09-18T13:54:57.101+0800][gc,phases     ] GC(4)   Evacuate Collection Set: 18.2ms
[2021-09-18T13:54:57.101+0800][gc,phases     ] GC(4)   Post Evacuate Collection Set: 0.8ms
[2021-09-18T13:54:57.101+0800][gc,phases     ] GC(4)   Other: 0.3ms
[2021-09-18T13:54:57.101+0800][gc,heap       ] GC(4) Eden regions: 205->0(240)
[2021-09-18T13:54:57.101+0800][gc,heap       ] GC(4) Survivor regions: 14->16(32)
[2021-09-18T13:54:57.101+0800][gc,heap       ] GC(4) Old regions: 0->0
[2021-09-18T13:54:57.101+0800][gc,heap       ] GC(4) Humongous regions: 0->0
[2021-09-18T13:54:57.101+0800][gc,metaspace  ] GC(4) Metaspace: 35024K->35024K(1081344K)
[2021-09-18T13:54:57.101+0800][gc            ] GC(4) Pause Young (Concurrent Start) (Metadata GC Threshold) 218M->16M(512M) 19.373ms
[2021-09-18T13:54:57.101+0800][gc,cpu        ] GC(4) User=0.09s Sys=0.02s Real=0.02s
[2021-09-18T13:54:57.101+0800][gc            ] GC(5) Concurrent Cycle
[2021-09-18T13:54:57.101+0800][gc,marking    ] GC(5) Concurrent Clear Claimed Marks
[2021-09-18T13:54:57.101+0800][gc,marking    ] GC(5) Concurrent Clear Claimed Marks 0.082ms
[2021-09-18T13:54:57.101+0800][gc,marking    ] GC(5) Concurrent Scan Root Regions
[2021-09-18T13:54:57.106+0800][gc,marking    ] GC(5) Concurrent Scan Root Regions 4.753ms
[2021-09-18T13:54:57.106+0800][gc,marking    ] GC(5) Concurrent Mark (14.780s)
[2021-09-18T13:54:57.106+0800][gc,marking    ] GC(5) Concurrent Mark From Roots
[2021-09-18T13:54:57.106+0800][gc,task       ] GC(5) Using 2 workers of 2 for marking
[2021-09-18T13:54:57.106+0800][gc,marking    ] GC(5) Concurrent Mark From Roots 0.096ms
[2021-09-18T13:54:57.106+0800][gc,marking    ] GC(5) Concurrent Preclean
[2021-09-18T13:54:57.106+0800][gc,marking    ] GC(5) Concurrent Preclean 0.024ms
[2021-09-18T13:54:57.106+0800][gc,marking    ] GC(5) Concurrent Mark (14.780s, 14.780s) 0.152ms
[2021-09-18T13:54:57.107+0800][gc,start      ] GC(5) Pause Remark
[2021-09-18T13:54:57.112+0800][gc,stringtable] GC(5) Cleaned string and symbol table, strings: 15397 processed, 0 removed, symbols: 109708 processed, 312 removed
[2021-09-18T13:54:57.112+0800][gc            ] GC(5) Pause Remark 16M->16M(512M) 5.552ms
[2021-09-18T13:54:57.112+0800][gc,cpu        ] GC(5) User=0.01s Sys=0.01s Real=0.01s
[2021-09-18T13:54:57.112+0800][gc,marking    ] GC(5) Concurrent Rebuild Remembered Sets
[2021-09-18T13:54:57.112+0800][gc,marking    ] GC(5) Concurrent Rebuild Remembered Sets 0.028ms
[2021-09-18T13:54:57.113+0800][gc,start      ] GC(5) Pause Cleanup
[2021-09-18T13:54:57.113+0800][gc            ] GC(5) Pause Cleanup 16M->16M(512M) 0.056ms
[2021-09-18T13:54:57.113+0800][gc,cpu        ] GC(5) User=0.00s Sys=0.00s Real=0.00s
[2021-09-18T13:54:57.113+0800][gc,marking    ] GC(5) Concurrent Cleanup for Next Mark
[2021-09-18T13:54:57.114+0800][gc,marking    ] GC(5) Concurrent Cleanup for Next Mark 1.581ms
[2021-09-18T13:54:57.114+0800][gc            ] GC(5) Concurrent Cycle 13.233ms
[2021-09-18T13:55:01.434+0800][gc,start      ] GC(6) Pause Young (Normal) (G1 Evacuation Pause)
[2021-09-18T13:55:01.434+0800][gc,task       ] GC(6) Using 8 workers of 8 for evacuation
[2021-09-18T13:55:01.466+0800][gc,phases     ] GC(6)   Pre Evacuate Collection Set: 0.0ms
[2021-09-18T13:55:01.466+0800][gc,phases     ] GC(6)   Evacuate Collection Set: 30.5ms
[2021-09-18T13:55:01.466+0800][gc,phases     ] GC(6)   Post Evacuate Collection Set: 1.2ms
[2021-09-18T13:55:01.466+0800][gc,phases     ] GC(6)   Other: 0.1ms
[2021-09-18T13:55:01.466+0800][gc,heap       ] GC(6) Eden regions: 240->0(235)
[2021-09-18T13:55:01.466+0800][gc,heap       ] GC(6) Survivor regions: 16->21(32)
[2021-09-18T13:55:01.466+0800][gc,heap       ] GC(6) Old regions: 0->0
[2021-09-18T13:55:01.466+0800][gc,heap       ] GC(6) Humongous regions: 0->0
[2021-09-18T13:55:01.466+0800][gc,metaspace  ] GC(6) Metaspace: 44758K->44758K(1089536K)
[2021-09-18T13:55:01.466+0800][gc            ] GC(6) Pause Young (Normal) (G1 Evacuation Pause) 256M->21M(512M) 31.916ms
[2021-09-18T13:55:01.466+0800][gc,cpu        ] GC(6) User=0.11s Sys=0.05s Real=0.03s
[2021-09-18T13:55:05.838+0800][gc,start      ] GC(7) Pause Young (Normal) (G1 Evacuation Pause)
[2021-09-18T13:55:05.838+0800][gc,task       ] GC(7) Using 8 workers of 8 for evacuation
[2021-09-18T13:55:05.879+0800][gc,phases     ] GC(7)   Pre Evacuate Collection Set: 0.0ms
[2021-09-18T13:55:05.879+0800][gc,phases     ] GC(7)   Evacuate Collection Set: 39.6ms
[2021-09-18T13:55:05.879+0800][gc,phases     ] GC(7)   Post Evacuate Collection Set: 1.6ms
[2021-09-18T13:55:05.879+0800][gc,phases     ] GC(7)   Other: 0.2ms
[2021-09-18T13:55:05.879+0800][gc,heap       ] GC(7) Eden regions: 235->0(234)
[2021-09-18T13:55:05.879+0800][gc,heap       ] GC(7) Survivor regions: 21->22(32)
[2021-09-18T13:55:05.879+0800][gc,heap       ] GC(7) Old regions: 0->5
[2021-09-18T13:55:05.879+0800][gc,heap       ] GC(7) Humongous regions: 0->0
[2021-09-18T13:55:05.879+0800][gc,metaspace  ] GC(7) Metaspace: 57582K->57582K(1101824K)
[2021-09-18T13:55:05.880+0800][gc            ] GC(7) Pause Young (Normal) (G1 Evacuation Pause) 256M->26M(512M) 41.525ms
[2021-09-18T13:55:05.880+0800][gc,cpu        ] GC(7) User=0.18s Sys=0.05s Real=0.05s
[2021-09-18T13:55:06.030+0800][gc,start      ] GC(8) Pause Young (Concurrent Start) (Metadata GC Threshold)
[2021-09-18T13:55:06.030+0800][gc,task       ] GC(8) Using 8 workers of 8 for evacuation
[2021-09-18T13:55:06.041+0800][gc,phases     ] GC(8)   Pre Evacuate Collection Set: 0.1ms
[2021-09-18T13:55:06.041+0800][gc,phases     ] GC(8)   Evacuate Collection Set: 9.5ms
[2021-09-18T13:55:06.041+0800][gc,phases     ] GC(8)   Post Evacuate Collection Set: 0.5ms
[2021-09-18T13:55:06.041+0800][gc,phases     ] GC(8)   Other: 0.2ms
[2021-09-18T13:55:06.041+0800][gc,heap       ] GC(8) Eden regions: 6->0(240)
[2021-09-18T13:55:06.041+0800][gc,heap       ] GC(8) Survivor regions: 22->16(32)
[2021-09-18T13:55:06.041+0800][gc,heap       ] GC(8) Old regions: 5->12
[2021-09-18T13:55:06.041+0800][gc,heap       ] GC(8) Humongous regions: 0->0
[2021-09-18T13:55:06.041+0800][gc,metaspace  ] GC(8) Metaspace: 58731K->58731K(1101824K)
[2021-09-18T13:55:06.041+0800][gc            ] GC(8) Pause Young (Concurrent Start) (Metadata GC Threshold) 32M->27M(512M) 10.350ms
[2021-09-18T13:55:06.041+0800][gc,cpu        ] GC(8) User=0.06s Sys=0.01s Real=0.01s
[2021-09-18T13:55:06.041+0800][gc            ] GC(9) Concurrent Cycle
[2021-09-18T13:55:06.041+0800][gc,marking    ] GC(9) Concurrent Clear Claimed Marks
[2021-09-18T13:55:06.041+0800][gc,marking    ] GC(9) Concurrent Clear Claimed Marks 0.131ms
[2021-09-18T13:55:06.041+0800][gc,marking    ] GC(9) Concurrent Scan Root Regions
[2021-09-18T13:55:06.045+0800][gc,marking    ] GC(9) Concurrent Scan Root Regions 4.319ms
[2021-09-18T13:55:06.045+0800][gc,marking    ] GC(9) Concurrent Mark (23.719s)
[2021-09-18T13:55:06.045+0800][gc,marking    ] GC(9) Concurrent Mark From Roots
[2021-09-18T13:55:06.045+0800][gc,task       ] GC(9) Using 2 workers of 2 for marking
[2021-09-18T13:55:06.053+0800][gc,marking    ] GC(9) Concurrent Mark From Roots 7.563ms
[2021-09-18T13:55:06.053+0800][gc,marking    ] GC(9) Concurrent Preclean
[2021-09-18T13:55:06.053+0800][gc,marking    ] GC(9) Concurrent Preclean 0.049ms
[2021-09-18T13:55:06.053+0800][gc,marking    ] GC(9) Concurrent Mark (23.719s, 23.727s) 7.667ms
[2021-09-18T13:55:06.053+0800][gc,start      ] GC(9) Pause Remark
[2021-09-18T13:55:06.070+0800][gc,stringtable] GC(9) Cleaned string and symbol table, strings: 29890 processed, 24 removed, symbols: 171462 processed, 324 removed
[2021-09-18T13:55:06.070+0800][gc            ] GC(9) Pause Remark 28M->28M(512M) 16.648ms
[2021-09-18T13:55:06.070+0800][gc,cpu        ] GC(9) User=0.04s Sys=0.02s Real=0.02s
[2021-09-18T13:55:06.070+0800][gc,marking    ] GC(9) Concurrent Rebuild Remembered Sets
[2021-09-18T13:55:06.078+0800][gc,marking    ] GC(9) Concurrent Rebuild Remembered Sets 7.680ms
[2021-09-18T13:55:06.082+0800][gc,start      ] GC(9) Pause Cleanup
[2021-09-18T13:55:06.082+0800][gc            ] GC(9) Pause Cleanup 28M->28M(512M) 0.155ms
[2021-09-18T13:55:06.082+0800][gc,cpu        ] GC(9) User=0.00s Sys=0.00s Real=0.00s
[2021-09-18T13:55:06.082+0800][gc,marking    ] GC(9) Concurrent Cleanup for Next Mark
[2021-09-18T13:55:06.086+0800][gc,marking    ] GC(9) Concurrent Cleanup for Next Mark 3.805ms
[2021-09-18T13:55:06.086+0800][gc            ] GC(9) Concurrent Cycle 44.924ms
[2021-09-18T13:55:10.357+0800][gc,start      ] GC(10) Pause Young (Normal) (G1 Evacuation Pause)
[2021-09-18T13:55:10.357+0800][gc,task       ] GC(10) Using 8 workers of 8 for evacuation
[2021-09-18T13:55:10.375+0800][gc,phases     ] GC(10)   Pre Evacuate Collection Set: 0.0ms
[2021-09-18T13:55:10.375+0800][gc,phases     ] GC(10)   Evacuate Collection Set: 17.1ms
[2021-09-18T13:55:10.375+0800][gc,phases     ] GC(10)   Post Evacuate Collection Set: 0.7ms
[2021-09-18T13:55:10.375+0800][gc,phases     ] GC(10)   Other: 0.2ms
[2021-09-18T13:55:10.375+0800][gc,heap       ] GC(10) Eden regions: 240->0(232)
[2021-09-18T13:55:10.375+0800][gc,heap       ] GC(10) Survivor regions: 16->24(32)
[2021-09-18T13:55:10.375+0800][gc,heap       ] GC(10) Old regions: 12->12
[2021-09-18T13:55:10.375+0800][gc,heap       ] GC(10) Humongous regions: 6->6
[2021-09-18T13:55:10.375+0800][gc,metaspace  ] GC(10) Metaspace: 68481K->68481K(1112064K)
[2021-09-18T13:55:10.375+0800][gc            ] GC(10) Pause Young (Normal) (G1 Evacuation Pause) 273M->41M(512M) 18.195ms
[2021-09-18T13:55:10.375+0800][gc,cpu        ] GC(10) User=0.10s Sys=0.02s Real=0.02s
[2021-09-18T14:07:34.941+0800][gc,start      ] GC(11) Pause Young (Normal) (G1 Evacuation Pause)
[2021-09-18T14:07:34.942+0800][gc,task       ] GC(11) Using 8 workers of 8 for evacuation
[2021-09-18T14:07:35.055+0800][gc,phases     ] GC(11)   Pre Evacuate Collection Set: 0.5ms
[2021-09-18T14:07:35.055+0800][gc,phases     ] GC(11)   Evacuate Collection Set: 107.9ms
[2021-09-18T14:07:35.055+0800][gc,phases     ] GC(11)   Post Evacuate Collection Set: 3.5ms
[2021-09-18T14:07:35.055+0800][gc,phases     ] GC(11)   Other: 2.5ms
[2021-09-18T14:07:35.055+0800][gc,heap       ] GC(11) Eden regions: 232->0(236)
[2021-09-18T14:07:35.055+0800][gc,heap       ] GC(11) Survivor regions: 24->20(32)
[2021-09-18T14:07:35.055+0800][gc,heap       ] GC(11) Old regions: 12->18
[2021-09-18T14:07:35.055+0800][gc,heap       ] GC(11) Humongous regions: 12->12
[2021-09-18T14:07:35.055+0800][gc,metaspace  ] GC(11) Metaspace: 78587K->78587K(1120256K)
[2021-09-18T14:07:35.055+0800][gc            ] GC(11) Pause Young (Normal) (G1 Evacuation Pause) 279M->49M(512M) 114.491ms
[2021-09-18T14:07:35.055+0800][gc,cpu        ] GC(11) User=0.16s Sys=0.23s Real=0.11s
[2021-09-18T15:26:32.305+0800][gc,start      ] GC(12) Pause Young (Normal) (G1 Evacuation Pause)
[2021-09-18T15:26:32.306+0800][gc,task       ] GC(12) Using 8 workers of 8 for evacuation
[2021-09-18T15:26:32.411+0800][gc,phases     ] GC(12)   Pre Evacuate Collection Set: 1.8ms
[2021-09-18T15:26:32.411+0800][gc,phases     ] GC(12)   Evacuate Collection Set: 98.4ms
[2021-09-18T15:26:32.411+0800][gc,phases     ] GC(12)   Post Evacuate Collection Set: 2.5ms
[2021-09-18T15:26:32.411+0800][gc,phases     ] GC(12)   Other: 3.8ms
[2021-09-18T15:26:32.411+0800][gc,heap       ] GC(12) Eden regions: 236->0(239)
[2021-09-18T15:26:32.411+0800][gc,heap       ] GC(12) Survivor regions: 20->17(32)
[2021-09-18T15:26:32.411+0800][gc,heap       ] GC(12) Old regions: 18->24
[2021-09-18T15:26:32.411+0800][gc,heap       ] GC(12) Humongous regions: 12->12
[2021-09-18T15:26:32.411+0800][gc,metaspace  ] GC(12) Metaspace: 81919K->81919K(1124352K)
[2021-09-18T15:26:32.412+0800][gc            ] GC(12) Pause Young (Normal) (G1 Evacuation Pause) 285M->52M(512M) 106.633ms
[2021-09-18T15:26:32.412+0800][gc,cpu        ] GC(12) User=0.15s Sys=0.17s Real=0.11s
