[2021-09-17T16:25:17.522+0800][gc,heap] Heap region size: 1M
[2021-09-17T16:25:17.527+0800][gc     ] Using G1
[2021-09-17T16:25:17.527+0800][gc,heap,coops] Heap address: 0x00000007e0000000, size: 512 MB, Compressed Oops mode: Zero based, Oop shift amount: 3
[2021-09-17T16:25:20.467+0800][gc,start     ] GC(0) Pause Young (Concurrent Start) (Metadata GC Threshold)
[2021-09-17T16:25:20.467+0800][gc,task      ] GC(0) Using 8 workers of 8 for evacuation
[2021-09-17T16:25:20.489+0800][gc,phases    ] GC(0)   Pre Evacuate Collection Set: 0.0ms
[2021-09-17T16:25:20.489+0800][gc,phases    ] GC(0)   Evacuate Collection Set: 20.1ms
[2021-09-17T16:25:20.489+0800][gc,phases    ] GC(0)   Post Evacuate Collection Set: 0.8ms
[2021-09-17T16:25:20.489+0800][gc,phases    ] GC(0)   Other: 0.8ms
[2021-09-17T16:25:20.489+0800][gc,heap      ] GC(0) Eden regions: 175->0(250)
[2021-09-17T16:25:20.489+0800][gc,heap      ] GC(0) Survivor regions: 0->6(32)
[2021-09-17T16:25:20.489+0800][gc,heap      ] GC(0) Old regions: 0->0
[2021-09-17T16:25:20.489+0800][gc,heap      ] GC(0) Humongous regions: 0->0
[2021-09-17T16:25:20.489+0800][gc,metaspace ] GC(0) Metaspace: 20681K->20681K(1069056K)
[2021-09-17T16:25:20.489+0800][gc           ] GC(0) Pause Young (Concurrent Start) (Metadata GC Threshold) 174M->5M(512M) 22.249ms
[2021-09-17T16:25:20.489+0800][gc,cpu       ] GC(0) User=0.04s Sys=0.02s Real=0.02s
[2021-09-17T16:25:20.489+0800][gc           ] GC(1) Concurrent Cycle
[2021-09-17T16:25:20.489+0800][gc,marking   ] GC(1) Concurrent Clear Claimed Marks
[2021-09-17T16:25:20.489+0800][gc,marking   ] GC(1) Concurrent Clear Claimed Marks 0.047ms
[2021-09-17T16:25:20.489+0800][gc,marking   ] GC(1) Concurrent Scan Root Regions
[2021-09-17T16:25:20.491+0800][gc,marking   ] GC(1) Concurrent Scan Root Regions 1.735ms
[2021-09-17T16:25:20.491+0800][gc,marking   ] GC(1) Concurrent Mark (2.979s)
[2021-09-17T16:25:20.491+0800][gc,marking   ] GC(1) Concurrent Mark From Roots
[2021-09-17T16:25:20.491+0800][gc,task      ] GC(1) Using 2 workers of 2 for marking
[2021-09-17T16:25:20.491+0800][gc,marking   ] GC(1) Concurrent Mark From Roots 0.078ms
[2021-09-17T16:25:20.491+0800][gc,marking   ] GC(1) Concurrent Preclean
[2021-09-17T16:25:20.491+0800][gc,marking   ] GC(1) Concurrent Preclean 0.023ms
[2021-09-17T16:25:20.491+0800][gc,marking   ] GC(1) Concurrent Mark (2.979s, 2.979s) 0.122ms
[2021-09-17T16:25:20.495+0800][gc,start     ] GC(1) Pause Remark
[2021-09-17T16:25:20.499+0800][gc,stringtable] GC(1) Cleaned string and symbol table, strings: 7289 processed, 0 removed, symbols: 67842 processed, 85 removed
[2021-09-17T16:25:20.500+0800][gc            ] GC(1) Pause Remark 5M->5M(512M) 5.244ms
[2021-09-17T16:25:20.500+0800][gc,cpu        ] GC(1) User=0.01s Sys=0.01s Real=0.01s
[2021-09-17T16:25:20.500+0800][gc,marking    ] GC(1) Concurrent Rebuild Remembered Sets
[2021-09-17T16:25:20.500+0800][gc,marking    ] GC(1) Concurrent Rebuild Remembered Sets 0.084ms
[2021-09-17T16:25:20.500+0800][gc,start      ] GC(1) Pause Cleanup
[2021-09-17T16:25:20.500+0800][gc            ] GC(1) Pause Cleanup 5M->5M(512M) 0.057ms
[2021-09-17T16:25:20.500+0800][gc,cpu        ] GC(1) User=0.00s Sys=0.00s Real=0.00s
[2021-09-17T16:25:20.501+0800][gc,marking    ] GC(1) Concurrent Cleanup for Next Mark
[2021-09-17T16:25:20.503+0800][gc,marking    ] GC(1) Concurrent Cleanup for Next Mark 2.171ms
[2021-09-17T16:25:20.503+0800][gc            ] GC(1) Concurrent Cycle 13.390ms
[2021-09-17T16:25:29.405+0800][gc,start      ] GC(2) Pause Young (Normal) (G1 Evacuation Pause)
[2021-09-17T16:25:29.405+0800][gc,task       ] GC(2) Using 8 workers of 8 for evacuation
[2021-09-17T16:25:29.471+0800][gc,phases     ] GC(2)   Pre Evacuate Collection Set: 0.1ms
[2021-09-17T16:25:29.471+0800][gc,phases     ] GC(2)   Evacuate Collection Set: 61.3ms
[2021-09-17T16:25:29.471+0800][gc,phases     ] GC(2)   Post Evacuate Collection Set: 4.6ms
[2021-09-17T16:25:29.471+0800][gc,phases     ] GC(2)   Other: 0.3ms
[2021-09-17T16:25:29.471+0800][gc,heap       ] GC(2) Eden regions: 250->0(245)
[2021-09-17T16:25:29.471+0800][gc,heap       ] GC(2) Survivor regions: 6->11(32)
[2021-09-17T16:25:29.471+0800][gc,heap       ] GC(2) Old regions: 0->0
[2021-09-17T16:25:29.471+0800][gc,heap       ] GC(2) Humongous regions: 0->0
[2021-09-17T16:25:29.471+0800][gc,metaspace  ] GC(2) Metaspace: 31427K->31427K(1077248K)
[2021-09-17T16:25:29.471+0800][gc            ] GC(2) Pause Young (Normal) (G1 Evacuation Pause) 255M->10M(512M) 66.574ms
[2021-09-17T16:25:29.471+0800][gc,cpu        ] GC(2) User=0.12s Sys=0.09s Real=0.07s
[2021-09-17T16:25:32.688+0800][gc,start      ] GC(3) Pause Young (Normal) (G1 Evacuation Pause)
[2021-09-17T16:25:32.688+0800][gc,task       ] GC(3) Using 8 workers of 8 for evacuation
[2021-09-17T16:25:32.770+0800][gc,phases     ] GC(3)   Pre Evacuate Collection Set: 0.1ms
[2021-09-17T16:25:32.770+0800][gc,phases     ] GC(3)   Evacuate Collection Set: 75.9ms
[2021-09-17T16:25:32.770+0800][gc,phases     ] GC(3)   Post Evacuate Collection Set: 6.2ms
[2021-09-17T16:25:32.770+0800][gc,phases     ] GC(3)   Other: 0.2ms
[2021-09-17T16:25:32.770+0800][gc,heap       ] GC(3) Eden regions: 245->0(242)
[2021-09-17T16:25:32.770+0800][gc,heap       ] GC(3) Survivor regions: 11->14(32)
[2021-09-17T16:25:32.770+0800][gc,heap       ] GC(3) Old regions: 0->0
[2021-09-17T16:25:32.770+0800][gc,heap       ] GC(3) Humongous regions: 0->0
[2021-09-17T16:25:32.770+0800][gc,metaspace  ] GC(3) Metaspace: 33402K->33402K(1079296K)
[2021-09-17T16:25:32.770+0800][gc            ] GC(3) Pause Young (Normal) (G1 Evacuation Pause) 255M->13M(512M) 82.591ms
[2021-09-17T16:25:32.770+0800][gc,cpu        ] GC(3) User=0.09s Sys=0.09s Real=0.09s
[2021-09-17T16:25:36.126+0800][gc,start      ] GC(4) Pause Young (Concurrent Start) (Metadata GC Threshold)
[2021-09-17T16:25:36.127+0800][gc,task       ] GC(4) Using 8 workers of 8 for evacuation
[2021-09-17T16:25:36.198+0800][gc,phases     ] GC(4)   Pre Evacuate Collection Set: 0.1ms
[2021-09-17T16:25:36.198+0800][gc,phases     ] GC(4)   Evacuate Collection Set: 67.1ms
[2021-09-17T16:25:36.198+0800][gc,phases     ] GC(4)   Post Evacuate Collection Set: 3.9ms
[2021-09-17T16:25:36.198+0800][gc,phases     ] GC(4)   Other: 0.5ms
[2021-09-17T16:25:36.198+0800][gc,heap       ] GC(4) Eden regions: 179->0(240)
[2021-09-17T16:25:36.198+0800][gc,heap       ] GC(4) Survivor regions: 14->16(32)
[2021-09-17T16:25:36.198+0800][gc,heap       ] GC(4) Old regions: 0->0
[2021-09-17T16:25:36.198+0800][gc,heap       ] GC(4) Humongous regions: 0->0
[2021-09-17T16:25:36.198+0800][gc,metaspace  ] GC(4) Metaspace: 34925K->34925K(1081344K)
[2021-09-17T16:25:36.198+0800][gc            ] GC(4) Pause Young (Concurrent Start) (Metadata GC Threshold) 191M->15M(512M) 71.740ms
[2021-09-17T16:25:36.198+0800][gc,cpu        ] GC(4) User=0.11s Sys=0.08s Real=0.07s
[2021-09-17T16:25:36.198+0800][gc            ] GC(5) Concurrent Cycle
[2021-09-17T16:25:36.198+0800][gc,marking    ] GC(5) Concurrent Clear Claimed Marks
[2021-09-17T16:25:36.198+0800][gc,marking    ] GC(5) Concurrent Clear Claimed Marks 0.176ms
[2021-09-17T16:25:36.198+0800][gc,marking    ] GC(5) Concurrent Scan Root Regions
[2021-09-17T16:25:36.203+0800][gc,marking    ] GC(5) Concurrent Scan Root Regions 4.164ms
[2021-09-17T16:25:36.208+0800][gc,marking    ] GC(5) Concurrent Mark (18.697s)
[2021-09-17T16:25:36.208+0800][gc,marking    ] GC(5) Concurrent Mark From Roots
[2021-09-17T16:25:36.208+0800][gc,task       ] GC(5) Using 2 workers of 2 for marking
[2021-09-17T16:25:36.209+0800][gc,marking    ] GC(5) Concurrent Mark From Roots 0.420ms
[2021-09-17T16:25:36.209+0800][gc,marking    ] GC(5) Concurrent Preclean
[2021-09-17T16:25:36.209+0800][gc,marking    ] GC(5) Concurrent Preclean 0.028ms
[2021-09-17T16:25:36.209+0800][gc,marking    ] GC(5) Concurrent Mark (18.697s, 18.698s) 0.517ms
[2021-09-17T16:25:36.209+0800][gc,start      ] GC(5) Pause Remark
[2021-09-17T16:25:36.221+0800][gc,stringtable] GC(5) Cleaned string and symbol table, strings: 15437 processed, 0 removed, symbols: 109402 processed, 311 removed
[2021-09-17T16:25:36.221+0800][gc            ] GC(5) Pause Remark 16M->16M(512M) 11.975ms
[2021-09-17T16:25:36.221+0800][gc,cpu        ] GC(5) User=0.01s Sys=0.01s Real=0.02s
[2021-09-17T16:25:36.223+0800][gc,marking    ] GC(5) Concurrent Rebuild Remembered Sets
[2021-09-17T16:25:36.223+0800][gc,marking    ] GC(5) Concurrent Rebuild Remembered Sets 0.474ms
[2021-09-17T16:25:36.224+0800][gc,start      ] GC(5) Pause Cleanup
[2021-09-17T16:25:36.224+0800][gc            ] GC(5) Pause Cleanup 16M->16M(512M) 0.099ms
[2021-09-17T16:25:36.224+0800][gc,cpu        ] GC(5) User=0.00s Sys=0.00s Real=0.00s
[2021-09-17T16:25:36.224+0800][gc,marking    ] GC(5) Concurrent Cleanup for Next Mark
[2021-09-17T16:25:36.226+0800][gc,marking    ] GC(5) Concurrent Cleanup for Next Mark 2.814ms
[2021-09-17T16:25:36.227+0800][gc            ] GC(5) Concurrent Cycle 28.424ms
[2021-09-17T16:25:43.933+0800][gc,start      ] GC(6) Pause Young (Normal) (G1 Evacuation Pause)
[2021-09-17T16:25:43.933+0800][gc,task       ] GC(6) Using 8 workers of 8 for evacuation
[2021-09-17T16:25:44.083+0800][gc,phases     ] GC(6)   Pre Evacuate Collection Set: 0.1ms
[2021-09-17T16:25:44.083+0800][gc,phases     ] GC(6)   Evacuate Collection Set: 144.6ms
[2021-09-17T16:25:44.083+0800][gc,phases     ] GC(6)   Post Evacuate Collection Set: 5.1ms
[2021-09-17T16:25:44.083+0800][gc,phases     ] GC(6)   Other: 0.2ms
[2021-09-17T16:25:44.083+0800][gc,heap       ] GC(6) Eden regions: 240->0(235)
[2021-09-17T16:25:44.083+0800][gc,heap       ] GC(6) Survivor regions: 16->21(32)
[2021-09-17T16:25:44.083+0800][gc,heap       ] GC(6) Old regions: 0->0
[2021-09-17T16:25:44.083+0800][gc,heap       ] GC(6) Humongous regions: 0->0
[2021-09-17T16:25:44.083+0800][gc,metaspace  ] GC(6) Metaspace: 44688K->44688K(1089536K)
[2021-09-17T16:25:44.083+0800][gc            ] GC(6) Pause Young (Normal) (G1 Evacuation Pause) 255M->21M(512M) 150.144ms
[2021-09-17T16:25:44.083+0800][gc,cpu        ] GC(6) User=0.26s Sys=0.15s Real=0.15s
