[2021-09-17T16:27:57.416+0800][gc,heap] Heap region size: 1M
[2021-09-17T16:27:57.419+0800][gc     ] Using G1
[2021-09-17T16:27:57.419+0800][gc,heap,coops] Heap address: 0x00000007e0000000, size: 512 MB, Compressed Oops mode: Zero based, Oop shift amount: 3
[2021-09-17T16:28:00.324+0800][gc,start     ] GC(0) Pause Young (Concurrent Start) (Metadata GC Threshold)
[2021-09-17T16:28:00.324+0800][gc,task      ] GC(0) Using 8 workers of 8 for evacuation
[2021-09-17T16:28:00.345+0800][gc,phases    ] GC(0)   Pre Evacuate Collection Set: 0.0ms
[2021-09-17T16:28:00.345+0800][gc,phases    ] GC(0)   Evacuate Collection Set: 19.5ms
[2021-09-17T16:28:00.345+0800][gc,phases    ] GC(0)   Post Evacuate Collection Set: 0.7ms
[2021-09-17T16:28:00.345+0800][gc,phases    ] GC(0)   Other: 0.8ms
[2021-09-17T16:28:00.345+0800][gc,heap      ] GC(0) Eden regions: 170->0(250)
[2021-09-17T16:28:00.345+0800][gc,heap      ] GC(0) Survivor regions: 0->6(32)
[2021-09-17T16:28:00.345+0800][gc,heap      ] GC(0) Old regions: 0->0
[2021-09-17T16:28:00.345+0800][gc,heap      ] GC(0) Humongous regions: 0->0
[2021-09-17T16:28:00.345+0800][gc,metaspace ] GC(0) Metaspace: 20686K->20686K(1069056K)
[2021-09-17T16:28:00.345+0800][gc           ] GC(0) Pause Young (Concurrent Start) (Metadata GC Threshold) 169M->5M(512M) 21.080ms
[2021-09-17T16:28:00.345+0800][gc,cpu       ] GC(0) User=0.04s Sys=0.03s Real=0.02s
[2021-09-17T16:28:00.345+0800][gc           ] GC(1) Concurrent Cycle
[2021-09-17T16:28:00.345+0800][gc,marking   ] GC(1) Concurrent Clear Claimed Marks
[2021-09-17T16:28:00.346+0800][gc,marking   ] GC(1) Concurrent Clear Claimed Marks 0.039ms
[2021-09-17T16:28:00.346+0800][gc,marking   ] GC(1) Concurrent Scan Root Regions
[2021-09-17T16:28:00.349+0800][gc,marking   ] GC(1) Concurrent Scan Root Regions 3.669ms
[2021-09-17T16:28:00.349+0800][gc,marking   ] GC(1) Concurrent Mark (2.943s)
[2021-09-17T16:28:00.349+0800][gc,marking   ] GC(1) Concurrent Mark From Roots
[2021-09-17T16:28:00.349+0800][gc,task      ] GC(1) Using 2 workers of 2 for marking
[2021-09-17T16:28:00.352+0800][gc,marking   ] GC(1) Concurrent Mark From Roots 2.284ms
[2021-09-17T16:28:00.352+0800][gc,marking   ] GC(1) Concurrent Preclean
[2021-09-17T16:28:00.352+0800][gc,marking   ] GC(1) Concurrent Preclean 0.025ms
[2021-09-17T16:28:00.352+0800][gc,marking   ] GC(1) Concurrent Mark (2.943s, 2.945s) 2.338ms
[2021-09-17T16:28:00.352+0800][gc,start     ] GC(1) Pause Remark
[2021-09-17T16:28:00.355+0800][gc,stringtable] GC(1) Cleaned string and symbol table, strings: 7291 processed, 0 removed, symbols: 67843 processed, 85 removed
[2021-09-17T16:28:00.356+0800][gc            ] GC(1) Pause Remark 5M->5M(512M) 4.011ms
[2021-09-17T16:28:00.356+0800][gc,cpu        ] GC(1) User=0.01s Sys=0.00s Real=0.00s
[2021-09-17T16:28:00.356+0800][gc,marking    ] GC(1) Concurrent Rebuild Remembered Sets
[2021-09-17T16:28:00.356+0800][gc,marking    ] GC(1) Concurrent Rebuild Remembered Sets 0.043ms
[2021-09-17T16:28:00.357+0800][gc,start      ] GC(1) Pause Cleanup
[2021-09-17T16:28:00.357+0800][gc            ] GC(1) Pause Cleanup 5M->5M(512M) 0.064ms
[2021-09-17T16:28:00.357+0800][gc,cpu        ] GC(1) User=0.00s Sys=0.00s Real=0.00s
[2021-09-17T16:28:00.357+0800][gc,marking    ] GC(1) Concurrent Cleanup for Next Mark
[2021-09-17T16:28:00.362+0800][gc,marking    ] GC(1) Concurrent Cleanup for Next Mark 4.891ms
[2021-09-17T16:28:00.362+0800][gc            ] GC(1) Concurrent Cycle 16.603ms
[2021-09-17T16:28:08.419+0800][gc,start      ] GC(2) Pause Young (Normal) (G1 Evacuation Pause)
[2021-09-17T16:28:08.419+0800][gc,task       ] GC(2) Using 8 workers of 8 for evacuation
[2021-09-17T16:28:08.494+0800][gc,phases     ] GC(2)   Pre Evacuate Collection Set: 0.2ms
[2021-09-17T16:28:08.494+0800][gc,phases     ] GC(2)   Evacuate Collection Set: 68.8ms
[2021-09-17T16:28:08.494+0800][gc,phases     ] GC(2)   Post Evacuate Collection Set: 5.7ms
[2021-09-17T16:28:08.494+0800][gc,phases     ] GC(2)   Other: 0.3ms
[2021-09-17T16:28:08.494+0800][gc,heap       ] GC(2) Eden regions: 250->0(245)
[2021-09-17T16:28:08.494+0800][gc,heap       ] GC(2) Survivor regions: 6->11(32)
[2021-09-17T16:28:08.494+0800][gc,heap       ] GC(2) Old regions: 0->0
[2021-09-17T16:28:08.494+0800][gc,heap       ] GC(2) Humongous regions: 0->0
[2021-09-17T16:28:08.494+0800][gc,metaspace  ] GC(2) Metaspace: 31431K->31431K(1077248K)
[2021-09-17T16:28:08.494+0800][gc            ] GC(2) Pause Young (Normal) (G1 Evacuation Pause) 255M->10M(512M) 75.103ms
[2021-09-17T16:28:08.494+0800][gc,cpu        ] GC(2) User=0.13s Sys=0.11s Real=0.08s
[2021-09-17T16:28:11.693+0800][gc,start      ] GC(3) Pause Young (Normal) (G1 Evacuation Pause)
[2021-09-17T16:28:11.693+0800][gc,task       ] GC(3) Using 8 workers of 8 for evacuation
[2021-09-17T16:28:11.746+0800][gc,phases     ] GC(3)   Pre Evacuate Collection Set: 0.1ms
[2021-09-17T16:28:11.746+0800][gc,phases     ] GC(3)   Evacuate Collection Set: 49.0ms
[2021-09-17T16:28:11.746+0800][gc,phases     ] GC(3)   Post Evacuate Collection Set: 3.4ms
[2021-09-17T16:28:11.746+0800][gc,phases     ] GC(3)   Other: 0.2ms
[2021-09-17T16:28:11.746+0800][gc,heap       ] GC(3) Eden regions: 245->0(242)
[2021-09-17T16:28:11.746+0800][gc,heap       ] GC(3) Survivor regions: 11->14(32)
[2021-09-17T16:28:11.746+0800][gc,heap       ] GC(3) Old regions: 0->0
[2021-09-17T16:28:11.746+0800][gc,heap       ] GC(3) Humongous regions: 0->0
[2021-09-17T16:28:11.746+0800][gc,metaspace  ] GC(3) Metaspace: 33410K->33410K(1079296K)
[2021-09-17T16:28:11.746+0800][gc            ] GC(3) Pause Young (Normal) (G1 Evacuation Pause) 255M->13M(512M) 52.850ms
[2021-09-17T16:28:11.746+0800][gc,cpu        ] GC(3) User=0.09s Sys=0.09s Real=0.05s
[2021-09-17T16:28:15.156+0800][gc,start      ] GC(4) Pause Young (Concurrent Start) (Metadata GC Threshold)
[2021-09-17T16:28:15.157+0800][gc,task       ] GC(4) Using 8 workers of 8 for evacuation
[2021-09-17T16:28:15.218+0800][gc,phases     ] GC(4)   Pre Evacuate Collection Set: 0.2ms
[2021-09-17T16:28:15.218+0800][gc,phases     ] GC(4)   Evacuate Collection Set: 57.7ms
[2021-09-17T16:28:15.218+0800][gc,phases     ] GC(4)   Post Evacuate Collection Set: 3.5ms
[2021-09-17T16:28:15.218+0800][gc,phases     ] GC(4)   Other: 0.5ms
[2021-09-17T16:28:15.218+0800][gc,heap       ] GC(4) Eden regions: 173->0(240)
[2021-09-17T16:28:15.218+0800][gc,heap       ] GC(4) Survivor regions: 14->16(32)
[2021-09-17T16:28:15.218+0800][gc,heap       ] GC(4) Old regions: 0->0
[2021-09-17T16:28:15.218+0800][gc,heap       ] GC(4) Humongous regions: 0->0
[2021-09-17T16:28:15.218+0800][gc,metaspace  ] GC(4) Metaspace: 35010K->35010K(1081344K)
[2021-09-17T16:28:15.218+0800][gc            ] GC(4) Pause Young (Concurrent Start) (Metadata GC Threshold) 185M->15M(512M) 61.884ms
[2021-09-17T16:28:15.218+0800][gc,cpu        ] GC(4) User=0.14s Sys=0.08s Real=0.06s
[2021-09-17T16:28:15.218+0800][gc            ] GC(5) Concurrent Cycle
[2021-09-17T16:28:15.218+0800][gc,marking    ] GC(5) Concurrent Clear Claimed Marks
[2021-09-17T16:28:15.218+0800][gc,marking    ] GC(5) Concurrent Clear Claimed Marks 0.087ms
[2021-09-17T16:28:15.218+0800][gc,marking    ] GC(5) Concurrent Scan Root Regions
[2021-09-17T16:28:15.222+0800][gc,marking    ] GC(5) Concurrent Scan Root Regions 4.005ms
[2021-09-17T16:28:15.223+0800][gc,marking    ] GC(5) Concurrent Mark (17.817s)
[2021-09-17T16:28:15.223+0800][gc,marking    ] GC(5) Concurrent Mark From Roots
[2021-09-17T16:28:15.223+0800][gc,task       ] GC(5) Using 2 workers of 2 for marking
[2021-09-17T16:28:15.223+0800][gc,marking    ] GC(5) Concurrent Mark From Roots 0.092ms
[2021-09-17T16:28:15.223+0800][gc,marking    ] GC(5) Concurrent Preclean
[2021-09-17T16:28:15.223+0800][gc,marking    ] GC(5) Concurrent Preclean 0.022ms
[2021-09-17T16:28:15.223+0800][gc,marking    ] GC(5) Concurrent Mark (17.817s, 17.817s) 0.137ms
[2021-09-17T16:28:15.223+0800][gc,start      ] GC(5) Pause Remark
[2021-09-17T16:28:15.233+0800][gc,stringtable] GC(5) Cleaned string and symbol table, strings: 15419 processed, 0 removed, symbols: 109827 processed, 312 removed
[2021-09-17T16:28:15.233+0800][gc            ] GC(5) Pause Remark 16M->16M(512M) 10.085ms
[2021-09-17T16:28:15.233+0800][gc,cpu        ] GC(5) User=0.02s Sys=0.01s Real=0.01s
[2021-09-17T16:28:15.233+0800][gc,marking    ] GC(5) Concurrent Rebuild Remembered Sets
[2021-09-17T16:28:15.234+0800][gc,marking    ] GC(5) Concurrent Rebuild Remembered Sets 0.072ms
[2021-09-17T16:28:15.234+0800][gc,start      ] GC(5) Pause Cleanup
[2021-09-17T16:28:15.234+0800][gc            ] GC(5) Pause Cleanup 16M->16M(512M) 0.084ms
[2021-09-17T16:28:15.234+0800][gc,cpu        ] GC(5) User=0.00s Sys=0.00s Real=0.00s
[2021-09-17T16:28:15.234+0800][gc,marking    ] GC(5) Concurrent Cleanup for Next Mark
[2021-09-17T16:28:15.237+0800][gc,marking    ] GC(5) Concurrent Cleanup for Next Mark 2.487ms
[2021-09-17T16:28:15.238+0800][gc            ] GC(5) Concurrent Cycle 19.682ms
[2021-09-17T16:28:22.340+0800][gc,start      ] GC(6) Pause Young (Normal) (G1 Evacuation Pause)
[2021-09-17T16:28:22.340+0800][gc,task       ] GC(6) Using 8 workers of 8 for evacuation
[2021-09-17T16:28:22.392+0800][gc,phases     ] GC(6)   Pre Evacuate Collection Set: 0.1ms
[2021-09-17T16:28:22.392+0800][gc,phases     ] GC(6)   Evacuate Collection Set: 50.6ms
[2021-09-17T16:28:22.392+0800][gc,phases     ] GC(6)   Post Evacuate Collection Set: 1.3ms
[2021-09-17T16:28:22.392+0800][gc,phases     ] GC(6)   Other: 0.2ms
[2021-09-17T16:28:22.392+0800][gc,heap       ] GC(6) Eden regions: 240->0(235)
[2021-09-17T16:28:22.392+0800][gc,heap       ] GC(6) Survivor regions: 16->21(32)
[2021-09-17T16:28:22.392+0800][gc,heap       ] GC(6) Old regions: 0->0
[2021-09-17T16:28:22.392+0800][gc,heap       ] GC(6) Humongous regions: 0->0
[2021-09-17T16:28:22.392+0800][gc,metaspace  ] GC(6) Metaspace: 44727K->44727K(1089536K)
[2021-09-17T16:28:22.392+0800][gc            ] GC(6) Pause Young (Normal) (G1 Evacuation Pause) 255M->21M(512M) 52.331ms
[2021-09-17T16:28:22.392+0800][gc,cpu        ] GC(6) User=0.14s Sys=0.09s Real=0.05s
[2021-09-17T16:28:27.024+0800][gc,start      ] GC(7) Pause Young (Normal) (G1 Evacuation Pause)
[2021-09-17T16:28:27.024+0800][gc,task       ] GC(7) Using 8 workers of 8 for evacuation
[2021-09-17T16:28:27.069+0800][gc,phases     ] GC(7)   Pre Evacuate Collection Set: 0.0ms
[2021-09-17T16:28:27.069+0800][gc,phases     ] GC(7)   Evacuate Collection Set: 43.2ms
[2021-09-17T16:28:27.069+0800][gc,phases     ] GC(7)   Post Evacuate Collection Set: 1.6ms
[2021-09-17T16:28:27.069+0800][gc,phases     ] GC(7)   Other: 0.2ms
[2021-09-17T16:28:27.069+0800][gc,heap       ] GC(7) Eden regions: 235->0(232)
[2021-09-17T16:28:27.069+0800][gc,heap       ] GC(7) Survivor regions: 21->24(32)
[2021-09-17T16:28:27.069+0800][gc,heap       ] GC(7) Old regions: 0->5
[2021-09-17T16:28:27.069+0800][gc,heap       ] GC(7) Humongous regions: 0->0
[2021-09-17T16:28:27.069+0800][gc,metaspace  ] GC(7) Metaspace: 57713K->57713K(1101824K)
[2021-09-17T16:28:27.069+0800][gc            ] GC(7) Pause Young (Normal) (G1 Evacuation Pause) 256M->28M(512M) 45.081ms
[2021-09-17T16:28:27.069+0800][gc,cpu        ] GC(7) User=0.16s Sys=0.05s Real=0.04s
[2021-09-17T16:28:27.231+0800][gc,start      ] GC(8) Pause Young (Concurrent Start) (Metadata GC Threshold)
[2021-09-17T16:28:27.231+0800][gc,task       ] GC(8) Using 8 workers of 8 for evacuation
[2021-09-17T16:28:27.241+0800][gc,phases     ] GC(8)   Pre Evacuate Collection Set: 0.1ms
[2021-09-17T16:28:27.241+0800][gc,phases     ] GC(8)   Evacuate Collection Set: 9.7ms
[2021-09-17T16:28:27.241+0800][gc,phases     ] GC(8)   Post Evacuate Collection Set: 0.5ms
[2021-09-17T16:28:27.241+0800][gc,phases     ] GC(8)   Other: 0.2ms
[2021-09-17T16:28:27.241+0800][gc,heap       ] GC(8) Eden regions: 5->0(238)
[2021-09-17T16:28:27.241+0800][gc,heap       ] GC(8) Survivor regions: 24->18(32)
[2021-09-17T16:28:27.241+0800][gc,heap       ] GC(8) Old regions: 5->12
[2021-09-17T16:28:27.241+0800][gc,heap       ] GC(8) Humongous regions: 0->0
[2021-09-17T16:28:27.241+0800][gc,metaspace  ] GC(8) Metaspace: 58867K->58867K(1101824K)
[2021-09-17T16:28:27.241+0800][gc            ] GC(8) Pause Young (Concurrent Start) (Metadata GC Threshold) 33M->29M(512M) 10.584ms
[2021-09-17T16:28:27.241+0800][gc,cpu        ] GC(8) User=0.06s Sys=0.01s Real=0.01s
[2021-09-17T16:28:27.241+0800][gc            ] GC(9) Concurrent Cycle
[2021-09-17T16:28:27.241+0800][gc,marking    ] GC(9) Concurrent Clear Claimed Marks
[2021-09-17T16:28:27.242+0800][gc,marking    ] GC(9) Concurrent Clear Claimed Marks 0.125ms
[2021-09-17T16:28:27.242+0800][gc,marking    ] GC(9) Concurrent Scan Root Regions
[2021-09-17T16:28:27.247+0800][gc,marking    ] GC(9) Concurrent Scan Root Regions 5.312ms
[2021-09-17T16:28:27.247+0800][gc,marking    ] GC(9) Concurrent Mark (29.841s)
[2021-09-17T16:28:27.247+0800][gc,marking    ] GC(9) Concurrent Mark From Roots
[2021-09-17T16:28:27.247+0800][gc,task       ] GC(9) Using 2 workers of 2 for marking
[2021-09-17T16:28:27.254+0800][gc,marking    ] GC(9) Concurrent Mark From Roots 7.172ms
[2021-09-17T16:28:27.254+0800][gc,marking    ] GC(9) Concurrent Preclean
[2021-09-17T16:28:27.254+0800][gc,marking    ] GC(9) Concurrent Preclean 0.069ms
[2021-09-17T16:28:27.254+0800][gc,marking    ] GC(9) Concurrent Mark (29.841s, 29.849s) 7.500ms
[2021-09-17T16:28:27.255+0800][gc,start      ] GC(9) Pause Remark
[2021-09-17T16:28:27.271+0800][gc,stringtable] GC(9) Cleaned string and symbol table, strings: 30019 processed, 24 removed, symbols: 171573 processed, 324 removed
[2021-09-17T16:28:27.271+0800][gc            ] GC(9) Pause Remark 30M->30M(512M) 16.746ms
[2021-09-17T16:28:27.271+0800][gc,cpu        ] GC(9) User=0.03s Sys=0.03s Real=0.02s
[2021-09-17T16:28:27.272+0800][gc,marking    ] GC(9) Concurrent Rebuild Remembered Sets
[2021-09-17T16:28:27.278+0800][gc,marking    ] GC(9) Concurrent Rebuild Remembered Sets 6.331ms
[2021-09-17T16:28:27.278+0800][gc,start      ] GC(9) Pause Cleanup
[2021-09-17T16:28:27.278+0800][gc            ] GC(9) Pause Cleanup 30M->30M(512M) 0.093ms
[2021-09-17T16:28:27.278+0800][gc,cpu        ] GC(9) User=0.00s Sys=0.00s Real=0.00s
[2021-09-17T16:28:27.278+0800][gc,marking    ] GC(9) Concurrent Cleanup for Next Mark
[2021-09-17T16:28:27.280+0800][gc,marking    ] GC(9) Concurrent Cleanup for Next Mark 1.622ms
[2021-09-17T16:28:27.280+0800][gc            ] GC(9) Concurrent Cycle 38.465ms
[2021-09-17T16:28:31.716+0800][gc,start      ] GC(10) Pause Young (Normal) (G1 Evacuation Pause)
[2021-09-17T16:28:31.716+0800][gc,task       ] GC(10) Using 8 workers of 8 for evacuation
[2021-09-17T16:28:31.735+0800][gc,phases     ] GC(10)   Pre Evacuate Collection Set: 0.1ms
[2021-09-17T16:28:31.735+0800][gc,phases     ] GC(10)   Evacuate Collection Set: 17.6ms
[2021-09-17T16:28:31.735+0800][gc,phases     ] GC(10)   Post Evacuate Collection Set: 0.8ms
[2021-09-17T16:28:31.735+0800][gc,phases     ] GC(10)   Other: 0.2ms
[2021-09-17T16:28:31.735+0800][gc,heap       ] GC(10) Eden regions: 238->0(231)
[2021-09-17T16:28:31.735+0800][gc,heap       ] GC(10) Survivor regions: 18->25(32)
[2021-09-17T16:28:31.735+0800][gc,heap       ] GC(10) Old regions: 12->12
[2021-09-17T16:28:31.735+0800][gc,heap       ] GC(10) Humongous regions: 5->5
[2021-09-17T16:28:31.735+0800][gc,metaspace  ] GC(10) Metaspace: 68804K->68804K(1112064K)
[2021-09-17T16:28:31.735+0800][gc            ] GC(10) Pause Young (Normal) (G1 Evacuation Pause) 272M->41M(512M) 18.714ms
[2021-09-17T16:28:31.735+0800][gc,cpu        ] GC(10) User=0.10s Sys=0.02s Real=0.02s
[2021-09-17T16:52:34.464+0800][gc,start      ] GC(11) Pause Young (Normal) (G1 Evacuation Pause)
[2021-09-17T16:52:34.467+0800][gc,task       ] GC(11) Using 8 workers of 8 for evacuation
[2021-09-17T16:52:34.679+0800][gc,mmu        ] GC(11) MMU target violated: 201.0ms (200.0ms/201.0ms)
[2021-09-17T16:52:34.679+0800][gc,phases     ] GC(11)   Pre Evacuate Collection Set: 2.1ms
[2021-09-17T16:52:34.679+0800][gc,phases     ] GC(11)   Evacuate Collection Set: 200.7ms
[2021-09-17T16:52:34.679+0800][gc,phases     ] GC(11)   Post Evacuate Collection Set: 6.2ms
[2021-09-17T16:52:34.679+0800][gc,phases     ] GC(11)   Other: 6.8ms
[2021-09-17T16:52:34.680+0800][gc,heap       ] GC(11) Eden regions: 231->0(234)
[2021-09-17T16:52:34.680+0800][gc,heap       ] GC(11) Survivor regions: 25->22(32)
[2021-09-17T16:52:34.680+0800][gc,heap       ] GC(11) Old regions: 12->18
[2021-09-17T16:52:34.680+0800][gc,heap       ] GC(11) Humongous regions: 11->11
[2021-09-17T16:52:34.680+0800][gc,metaspace  ] GC(11) Metaspace: 78651K->78651K(1120256K)
[2021-09-17T16:52:34.682+0800][gc            ] GC(11) Pause Young (Normal) (G1 Evacuation Pause) 278M->50M(512M) 217.544ms
[2021-09-17T16:52:34.682+0800][gc,cpu        ] GC(11) User=0.14s Sys=0.25s Real=0.22s
