[2021-09-17T15:48:47.637+0800][gc,heap] Heap region size: 1M
[2021-09-17T15:48:47.641+0800][gc     ] Using G1
[2021-09-17T15:48:47.641+0800][gc,heap,coops] Heap address: 0x00000007e0000000, size: 512 MB, Compressed Oops mode: Zero based, Oop shift amount: 3
[2021-09-17T15:48:50.540+0800][gc,start     ] GC(0) Pause Young (Concurrent Start) (Metadata GC Threshold)
[2021-09-17T15:48:50.541+0800][gc,task      ] GC(0) Using 8 workers of 8 for evacuation
[2021-09-17T15:48:50.561+0800][gc,phases    ] GC(0)   Pre Evacuate Collection Set: 0.0ms
[2021-09-17T15:48:50.562+0800][gc,phases    ] GC(0)   Evacuate Collection Set: 19.6ms
[2021-09-17T15:48:50.562+0800][gc,phases    ] GC(0)   Post Evacuate Collection Set: 0.7ms
[2021-09-17T15:48:50.562+0800][gc,phases    ] GC(0)   Other: 0.7ms
[2021-09-17T15:48:50.562+0800][gc,heap      ] GC(0) Eden regions: 166->0(250)
[2021-09-17T15:48:50.562+0800][gc,heap      ] GC(0) Survivor regions: 0->6(32)
[2021-09-17T15:48:50.562+0800][gc,heap      ] GC(0) Old regions: 0->0
[2021-09-17T15:48:50.562+0800][gc,heap      ] GC(0) Humongous regions: 0->0
[2021-09-17T15:48:50.562+0800][gc,metaspace ] GC(0) Metaspace: 20616K->20616K(1069056K)
[2021-09-17T15:48:50.562+0800][gc           ] GC(0) Pause Young (Concurrent Start) (Metadata GC Threshold) 166M->5M(512M) 21.382ms
[2021-09-17T15:48:50.562+0800][gc,cpu       ] GC(0) User=0.05s Sys=0.03s Real=0.02s
[2021-09-17T15:48:50.562+0800][gc           ] GC(1) Concurrent Cycle
[2021-09-17T15:48:50.562+0800][gc,marking   ] GC(1) Concurrent Clear Claimed Marks
[2021-09-17T15:48:50.562+0800][gc,marking   ] GC(1) Concurrent Clear Claimed Marks 0.037ms
[2021-09-17T15:48:50.562+0800][gc,marking   ] GC(1) Concurrent Scan Root Regions
[2021-09-17T15:48:50.564+0800][gc,marking   ] GC(1) Concurrent Scan Root Regions 1.962ms
[2021-09-17T15:48:50.565+0800][gc,marking   ] GC(1) Concurrent Mark (2.934s)
[2021-09-17T15:48:50.565+0800][gc,marking   ] GC(1) Concurrent Mark From Roots
[2021-09-17T15:48:50.565+0800][gc,task      ] GC(1) Using 2 workers of 2 for marking
[2021-09-17T15:48:50.565+0800][gc,marking   ] GC(1) Concurrent Mark From Roots 0.094ms
[2021-09-17T15:48:50.565+0800][gc,marking   ] GC(1) Concurrent Preclean
[2021-09-17T15:48:50.565+0800][gc,marking   ] GC(1) Concurrent Preclean 0.024ms
[2021-09-17T15:48:50.565+0800][gc,marking   ] GC(1) Concurrent Mark (2.934s, 2.935s) 0.175ms
[2021-09-17T15:48:50.565+0800][gc,start     ] GC(1) Pause Remark
[2021-09-17T15:48:50.569+0800][gc,stringtable] GC(1) Cleaned string and symbol table, strings: 7299 processed, 0 removed, symbols: 67764 processed, 85 removed
[2021-09-17T15:48:50.569+0800][gc            ] GC(1) Pause Remark 5M->5M(512M) 3.665ms
[2021-09-17T15:48:50.569+0800][gc,cpu        ] GC(1) User=0.01s Sys=0.00s Real=0.00s
[2021-09-17T15:48:50.569+0800][gc,marking    ] GC(1) Concurrent Rebuild Remembered Sets
[2021-09-17T15:48:50.569+0800][gc,marking    ] GC(1) Concurrent Rebuild Remembered Sets 0.039ms
[2021-09-17T15:48:50.569+0800][gc,start      ] GC(1) Pause Cleanup
[2021-09-17T15:48:50.570+0800][gc            ] GC(1) Pause Cleanup 5M->5M(512M) 0.051ms
[2021-09-17T15:48:50.570+0800][gc,cpu        ] GC(1) User=0.00s Sys=0.00s Real=0.01s
[2021-09-17T15:48:50.570+0800][gc,marking    ] GC(1) Concurrent Cleanup for Next Mark
[2021-09-17T15:48:50.585+0800][gc,marking    ] GC(1) Concurrent Cleanup for Next Mark 14.965ms
[2021-09-17T15:48:50.585+0800][gc            ] GC(1) Concurrent Cycle 22.277ms
[2021-09-17T15:48:57.892+0800][gc,start      ] GC(2) Pause Young (Normal) (G1 Evacuation Pause)
[2021-09-17T15:48:57.892+0800][gc,task       ] GC(2) Using 8 workers of 8 for evacuation
[2021-09-17T15:48:57.939+0800][gc,phases     ] GC(2)   Pre Evacuate Collection Set: 0.1ms
[2021-09-17T15:48:57.939+0800][gc,phases     ] GC(2)   Evacuate Collection Set: 45.4ms
[2021-09-17T15:48:57.939+0800][gc,phases     ] GC(2)   Post Evacuate Collection Set: 1.5ms
[2021-09-17T15:48:57.939+0800][gc,phases     ] GC(2)   Other: 0.4ms
[2021-09-17T15:48:57.939+0800][gc,heap       ] GC(2) Eden regions: 250->0(244)
[2021-09-17T15:48:57.939+0800][gc,heap       ] GC(2) Survivor regions: 6->12(32)
[2021-09-17T15:48:57.939+0800][gc,heap       ] GC(2) Old regions: 0->0
[2021-09-17T15:48:57.939+0800][gc,heap       ] GC(2) Humongous regions: 0->0
[2021-09-17T15:48:57.939+0800][gc,metaspace  ] GC(2) Metaspace: 31490K->31490K(1077248K)
[2021-09-17T15:48:57.939+0800][gc            ] GC(2) Pause Young (Normal) (G1 Evacuation Pause) 255M->11M(512M) 47.480ms
[2021-09-17T15:48:57.939+0800][gc,cpu        ] GC(2) User=0.13s Sys=0.07s Real=0.04s
[2021-09-17T15:49:00.203+0800][gc,start      ] GC(3) Pause Young (Normal) (G1 Evacuation Pause)
[2021-09-17T15:49:00.203+0800][gc,task       ] GC(3) Using 8 workers of 8 for evacuation
[2021-09-17T15:49:00.230+0800][gc,phases     ] GC(3)   Pre Evacuate Collection Set: 0.0ms
[2021-09-17T15:49:00.230+0800][gc,phases     ] GC(3)   Evacuate Collection Set: 26.3ms
[2021-09-17T15:49:00.230+0800][gc,phases     ] GC(3)   Post Evacuate Collection Set: 1.0ms
[2021-09-17T15:49:00.230+0800][gc,phases     ] GC(3)   Other: 0.2ms
[2021-09-17T15:49:00.230+0800][gc,heap       ] GC(3) Eden regions: 244->0(243)
[2021-09-17T15:49:00.230+0800][gc,heap       ] GC(3) Survivor regions: 12->13(32)
[2021-09-17T15:49:00.230+0800][gc,heap       ] GC(3) Old regions: 0->0
[2021-09-17T15:49:00.230+0800][gc,heap       ] GC(3) Humongous regions: 0->0
[2021-09-17T15:49:00.230+0800][gc,metaspace  ] GC(3) Metaspace: 33423K->33423K(1079296K)
[2021-09-17T15:49:00.230+0800][gc            ] GC(3) Pause Young (Normal) (G1 Evacuation Pause) 255M->12M(512M) 27.506ms
[2021-09-17T15:49:00.230+0800][gc,cpu        ] GC(3) User=0.07s Sys=0.03s Real=0.03s
[2021-09-17T15:49:02.414+0800][gc,start      ] GC(4) Pause Young (Concurrent Start) (Metadata GC Threshold)
[2021-09-17T15:49:02.414+0800][gc,task       ] GC(4) Using 8 workers of 8 for evacuation
[2021-09-17T15:49:02.434+0800][gc,phases     ] GC(4)   Pre Evacuate Collection Set: 0.1ms
[2021-09-17T15:49:02.434+0800][gc,phases     ] GC(4)   Evacuate Collection Set: 19.0ms
[2021-09-17T15:49:02.434+0800][gc,phases     ] GC(4)   Post Evacuate Collection Set: 0.8ms
[2021-09-17T15:49:02.434+0800][gc,phases     ] GC(4)   Other: 0.3ms
[2021-09-17T15:49:02.434+0800][gc,heap       ] GC(4) Eden regions: 143->0(240)
[2021-09-17T15:49:02.434+0800][gc,heap       ] GC(4) Survivor regions: 13->16(32)
[2021-09-17T15:49:02.434+0800][gc,heap       ] GC(4) Old regions: 0->0
[2021-09-17T15:49:02.434+0800][gc,heap       ] GC(4) Humongous regions: 0->0
[2021-09-17T15:49:02.434+0800][gc,metaspace  ] GC(4) Metaspace: 35009K->35009K(1081344K)
[2021-09-17T15:49:02.434+0800][gc            ] GC(4) Pause Young (Concurrent Start) (Metadata GC Threshold) 155M->15M(512M) 20.196ms
[2021-09-17T15:49:02.434+0800][gc,cpu        ] GC(4) User=0.10s Sys=0.03s Real=0.02s
[2021-09-17T15:49:02.434+0800][gc            ] GC(5) Concurrent Cycle
[2021-09-17T15:49:02.434+0800][gc,marking    ] GC(5) Concurrent Clear Claimed Marks
[2021-09-17T15:49:02.434+0800][gc,marking    ] GC(5) Concurrent Clear Claimed Marks 0.079ms
[2021-09-17T15:49:02.434+0800][gc,marking    ] GC(5) Concurrent Scan Root Regions
[2021-09-17T15:49:02.438+0800][gc,marking    ] GC(5) Concurrent Scan Root Regions 3.843ms
[2021-09-17T15:49:02.438+0800][gc,marking    ] GC(5) Concurrent Mark (14.808s)
[2021-09-17T15:49:02.438+0800][gc,marking    ] GC(5) Concurrent Mark From Roots
[2021-09-17T15:49:02.438+0800][gc,task       ] GC(5) Using 2 workers of 2 for marking
[2021-09-17T15:49:02.438+0800][gc,marking    ] GC(5) Concurrent Mark From Roots 0.096ms
[2021-09-17T15:49:02.438+0800][gc,marking    ] GC(5) Concurrent Preclean
[2021-09-17T15:49:02.438+0800][gc,marking    ] GC(5) Concurrent Preclean 0.022ms
[2021-09-17T15:49:02.438+0800][gc,marking    ] GC(5) Concurrent Mark (14.808s, 14.808s) 0.145ms
[2021-09-17T15:49:02.439+0800][gc,start      ] GC(5) Pause Remark
[2021-09-17T15:49:02.444+0800][gc,stringtable] GC(5) Cleaned string and symbol table, strings: 15415 processed, 0 removed, symbols: 109739 processed, 312 removed
[2021-09-17T15:49:02.444+0800][gc            ] GC(5) Pause Remark 16M->16M(512M) 4.974ms
[2021-09-17T15:49:02.444+0800][gc,cpu        ] GC(5) User=0.01s Sys=0.00s Real=0.01s
[2021-09-17T15:49:02.444+0800][gc,marking    ] GC(5) Concurrent Rebuild Remembered Sets
[2021-09-17T15:49:02.444+0800][gc,marking    ] GC(5) Concurrent Rebuild Remembered Sets 0.023ms
[2021-09-17T15:49:02.445+0800][gc,start      ] GC(5) Pause Cleanup
[2021-09-17T15:49:02.445+0800][gc            ] GC(5) Pause Cleanup 16M->16M(512M) 0.095ms
[2021-09-17T15:49:02.445+0800][gc,cpu        ] GC(5) User=0.00s Sys=0.00s Real=0.00s
[2021-09-17T15:49:02.445+0800][gc,marking    ] GC(5) Concurrent Cleanup for Next Mark
[2021-09-17T15:49:02.447+0800][gc,marking    ] GC(5) Concurrent Cleanup for Next Mark 1.620ms
[2021-09-17T15:49:02.447+0800][gc            ] GC(5) Concurrent Cycle 12.350ms
[2021-09-17T15:49:06.910+0800][gc,start      ] GC(6) Pause Young (Normal) (G1 Evacuation Pause)
[2021-09-17T15:49:06.911+0800][gc,task       ] GC(6) Using 8 workers of 8 for evacuation
[2021-09-17T15:49:07.096+0800][gc,phases     ] GC(6)   Pre Evacuate Collection Set: 2.6ms
[2021-09-17T15:49:07.096+0800][gc,phases     ] GC(6)   Evacuate Collection Set: 174.5ms
[2021-09-17T15:49:07.096+0800][gc,phases     ] GC(6)   Post Evacuate Collection Set: 7.7ms
[2021-09-17T15:49:07.096+0800][gc,phases     ] GC(6)   Other: 1.2ms
[2021-09-17T15:49:07.096+0800][gc,heap       ] GC(6) Eden regions: 240->0(235)
[2021-09-17T15:49:07.096+0800][gc,heap       ] GC(6) Survivor regions: 16->21(32)
[2021-09-17T15:49:07.096+0800][gc,heap       ] GC(6) Old regions: 0->0
[2021-09-17T15:49:07.096+0800][gc,heap       ] GC(6) Humongous regions: 0->0
[2021-09-17T15:49:07.096+0800][gc,metaspace  ] GC(6) Metaspace: 44879K->44879K(1089536K)
[2021-09-17T15:49:07.097+0800][gc            ] GC(6) Pause Young (Normal) (G1 Evacuation Pause) 255M->21M(512M) 186.226ms
[2021-09-17T15:49:07.097+0800][gc,cpu        ] GC(6) User=0.23s Sys=0.09s Real=0.18s
[2021-09-17T15:49:12.051+0800][gc,start      ] GC(7) Pause Young (Normal) (G1 Evacuation Pause)
[2021-09-17T15:49:12.051+0800][gc,task       ] GC(7) Using 8 workers of 8 for evacuation
[2021-09-17T15:49:12.105+0800][gc,phases     ] GC(7)   Pre Evacuate Collection Set: 0.1ms
[2021-09-17T15:49:12.105+0800][gc,phases     ] GC(7)   Evacuate Collection Set: 51.4ms
[2021-09-17T15:49:12.105+0800][gc,phases     ] GC(7)   Post Evacuate Collection Set: 1.6ms
[2021-09-17T15:49:12.105+0800][gc,phases     ] GC(7)   Other: 0.2ms
[2021-09-17T15:49:12.105+0800][gc,heap       ] GC(7) Eden regions: 235->0(233)
[2021-09-17T15:49:12.105+0800][gc,heap       ] GC(7) Survivor regions: 21->23(32)
[2021-09-17T15:49:12.105+0800][gc,heap       ] GC(7) Old regions: 0->5
[2021-09-17T15:49:12.105+0800][gc,heap       ] GC(7) Humongous regions: 0->0
[2021-09-17T15:49:12.105+0800][gc,metaspace  ] GC(7) Metaspace: 56913K->56913K(1101824K)
[2021-09-17T15:49:12.105+0800][gc            ] GC(7) Pause Young (Normal) (G1 Evacuation Pause) 256M->27M(512M) 53.417ms
[2021-09-17T15:49:12.105+0800][gc,cpu        ] GC(7) User=0.14s Sys=0.08s Real=0.05s
[2021-09-17T15:49:12.356+0800][gc,start      ] GC(8) Pause Young (Concurrent Start) (Metadata GC Threshold)
[2021-09-17T15:49:12.356+0800][gc,task       ] GC(8) Using 8 workers of 8 for evacuation
[2021-09-17T15:49:12.368+0800][gc,phases     ] GC(8)   Pre Evacuate Collection Set: 0.1ms
[2021-09-17T15:49:12.368+0800][gc,phases     ] GC(8)   Evacuate Collection Set: 10.9ms
[2021-09-17T15:49:12.368+0800][gc,phases     ] GC(8)   Post Evacuate Collection Set: 0.5ms
[2021-09-17T15:49:12.368+0800][gc,phases     ] GC(8)   Other: 0.2ms
[2021-09-17T15:49:12.368+0800][gc,heap       ] GC(8) Eden regions: 10->0(237)
[2021-09-17T15:49:12.368+0800][gc,heap       ] GC(8) Survivor regions: 23->19(32)
[2021-09-17T15:49:12.368+0800][gc,heap       ] GC(8) Old regions: 5->11
[2021-09-17T15:49:12.368+0800][gc,heap       ] GC(8) Humongous regions: 0->0
[2021-09-17T15:49:12.368+0800][gc,metaspace  ] GC(8) Metaspace: 58824K->58824K(1101824K)
[2021-09-17T15:49:12.368+0800][gc            ] GC(8) Pause Young (Concurrent Start) (Metadata GC Threshold) 37M->29M(512M) 11.853ms
[2021-09-17T15:49:12.368+0800][gc,cpu        ] GC(8) User=0.06s Sys=0.01s Real=0.01s
[2021-09-17T15:49:12.368+0800][gc            ] GC(9) Concurrent Cycle
[2021-09-17T15:49:12.368+0800][gc,marking    ] GC(9) Concurrent Clear Claimed Marks
[2021-09-17T15:49:12.368+0800][gc,marking    ] GC(9) Concurrent Clear Claimed Marks 0.124ms
[2021-09-17T15:49:12.368+0800][gc,marking    ] GC(9) Concurrent Scan Root Regions
[2021-09-17T15:49:12.373+0800][gc,marking    ] GC(9) Concurrent Scan Root Regions 4.874ms
[2021-09-17T15:49:12.373+0800][gc,marking    ] GC(9) Concurrent Mark (24.744s)
[2021-09-17T15:49:12.373+0800][gc,marking    ] GC(9) Concurrent Mark From Roots
[2021-09-17T15:49:12.373+0800][gc,task       ] GC(9) Using 2 workers of 2 for marking
[2021-09-17T15:49:12.380+0800][gc,marking    ] GC(9) Concurrent Mark From Roots 7.049ms
[2021-09-17T15:49:12.380+0800][gc,marking    ] GC(9) Concurrent Preclean
[2021-09-17T15:49:12.380+0800][gc,marking    ] GC(9) Concurrent Preclean 0.052ms
[2021-09-17T15:49:12.380+0800][gc,marking    ] GC(9) Concurrent Mark (24.744s, 24.751s) 7.148ms
[2021-09-17T15:49:12.381+0800][gc,start      ] GC(9) Pause Remark
[2021-09-17T15:49:12.401+0800][gc,stringtable] GC(9) Cleaned string and symbol table, strings: 30197 processed, 24 removed, symbols: 170874 processed, 328 removed
[2021-09-17T15:49:12.401+0800][gc            ] GC(9) Pause Remark 30M->30M(512M) 20.263ms
[2021-09-17T15:49:12.401+0800][gc,cpu        ] GC(9) User=0.06s Sys=0.04s Real=0.02s
[2021-09-17T15:49:12.401+0800][gc,marking    ] GC(9) Concurrent Rebuild Remembered Sets
[2021-09-17T15:49:12.407+0800][gc,marking    ] GC(9) Concurrent Rebuild Remembered Sets 5.373ms
[2021-09-17T15:49:12.407+0800][gc,start      ] GC(9) Pause Cleanup
[2021-09-17T15:49:12.407+0800][gc            ] GC(9) Pause Cleanup 30M->30M(512M) 0.124ms
[2021-09-17T15:49:12.407+0800][gc,cpu        ] GC(9) User=0.00s Sys=0.00s Real=0.00s
[2021-09-17T15:49:12.407+0800][gc,marking    ] GC(9) Concurrent Cleanup for Next Mark
[2021-09-17T15:49:12.409+0800][gc,marking    ] GC(9) Concurrent Cleanup for Next Mark 1.674ms
[2021-09-17T15:49:12.409+0800][gc            ] GC(9) Concurrent Cycle 40.370ms
[2021-09-17T15:49:17.275+0800][gc,start      ] GC(10) Pause Young (Normal) (G1 Evacuation Pause)
[2021-09-17T15:49:17.275+0800][gc,task       ] GC(10) Using 8 workers of 8 for evacuation
[2021-09-17T15:49:17.315+0800][gc,phases     ] GC(10)   Pre Evacuate Collection Set: 0.1ms
[2021-09-17T15:49:17.315+0800][gc,phases     ] GC(10)   Evacuate Collection Set: 38.9ms
[2021-09-17T15:49:17.315+0800][gc,phases     ] GC(10)   Post Evacuate Collection Set: 1.0ms
[2021-09-17T15:49:17.315+0800][gc,phases     ] GC(10)   Other: 0.4ms
[2021-09-17T15:49:17.315+0800][gc,heap       ] GC(10) Eden regions: 237->0(231)
[2021-09-17T15:49:17.315+0800][gc,heap       ] GC(10) Survivor regions: 19->25(32)
[2021-09-17T15:49:17.315+0800][gc,heap       ] GC(10) Old regions: 11->13
[2021-09-17T15:49:17.315+0800][gc,heap       ] GC(10) Humongous regions: 5->5
[2021-09-17T15:49:17.315+0800][gc,metaspace  ] GC(10) Metaspace: 68675K->68675K(1112064K)
[2021-09-17T15:49:17.315+0800][gc            ] GC(10) Pause Young (Normal) (G1 Evacuation Pause) 271M->42M(512M) 40.540ms
[2021-09-17T15:49:17.315+0800][gc,cpu        ] GC(10) User=0.08s Sys=0.07s Real=0.04s
