[2021-09-18T08:55:20.148+0800][gc,heap] Heap region size: 1M
[2021-09-18T08:55:20.151+0800][gc     ] Using G1
[2021-09-18T08:55:20.151+0800][gc,heap,coops] Heap address: 0x00000007e0000000, size: 512 MB, Compressed Oops mode: Zero based, Oop shift amount: 3
[2021-09-18T08:55:23.195+0800][gc,start     ] GC(0) Pause Young (Concurrent Start) (Metadata GC Threshold)
[2021-09-18T08:55:23.195+0800][gc,task      ] GC(0) Using 8 workers of 8 for evacuation
[2021-09-18T08:55:23.219+0800][gc,phases    ] GC(0)   Pre Evacuate Collection Set: 0.0ms
[2021-09-18T08:55:23.219+0800][gc,phases    ] GC(0)   Evacuate Collection Set: 22.1ms
[2021-09-18T08:55:23.219+0800][gc,phases    ] GC(0)   Post Evacuate Collection Set: 0.9ms
[2021-09-18T08:55:23.219+0800][gc,phases    ] GC(0)   Other: 0.7ms
[2021-09-18T08:55:23.219+0800][gc,heap      ] GC(0) Eden regions: 173->0(250)
[2021-09-18T08:55:23.219+0800][gc,heap      ] GC(0) Survivor regions: 0->6(32)
[2021-09-18T08:55:23.219+0800][gc,heap      ] GC(0) Old regions: 0->0
[2021-09-18T08:55:23.219+0800][gc,heap      ] GC(0) Humongous regions: 0->0
[2021-09-18T08:55:23.219+0800][gc,metaspace ] GC(0) Metaspace: 20771K->20771K(1069056K)
[2021-09-18T08:55:23.219+0800][gc           ] GC(0) Pause Young (Concurrent Start) (Metadata GC Threshold) 172M->5M(512M) 23.911ms
[2021-09-18T08:55:23.219+0800][gc,cpu       ] GC(0) User=0.05s Sys=0.03s Real=0.02s
[2021-09-18T08:55:23.220+0800][gc           ] GC(1) Concurrent Cycle
[2021-09-18T08:55:23.220+0800][gc,marking   ] GC(1) Concurrent Clear Claimed Marks
[2021-09-18T08:55:23.220+0800][gc,marking   ] GC(1) Concurrent Clear Claimed Marks 0.047ms
[2021-09-18T08:55:23.220+0800][gc,marking   ] GC(1) Concurrent Scan Root Regions
[2021-09-18T08:55:23.222+0800][gc,marking   ] GC(1) Concurrent Scan Root Regions 2.264ms
[2021-09-18T08:55:23.222+0800][gc,marking   ] GC(1) Concurrent Mark (3.084s)
[2021-09-18T08:55:23.222+0800][gc,marking   ] GC(1) Concurrent Mark From Roots
[2021-09-18T08:55:23.222+0800][gc,task      ] GC(1) Using 2 workers of 2 for marking
[2021-09-18T08:55:23.227+0800][gc,marking   ] GC(1) Concurrent Mark From Roots 4.609ms
[2021-09-18T08:55:23.227+0800][gc,marking   ] GC(1) Concurrent Preclean
[2021-09-18T08:55:23.228+0800][gc,marking   ] GC(1) Concurrent Preclean 1.262ms
[2021-09-18T08:55:23.228+0800][gc,marking   ] GC(1) Concurrent Mark (3.084s, 3.090s) 5.979ms
[2021-09-18T08:55:23.228+0800][gc,start     ] GC(1) Pause Remark
[2021-09-18T08:55:23.234+0800][gc,stringtable] GC(1) Cleaned string and symbol table, strings: 7387 processed, 0 removed, symbols: 68118 processed, 87 removed
[2021-09-18T08:55:23.235+0800][gc            ] GC(1) Pause Remark 5M->5M(512M) 6.526ms
[2021-09-18T08:55:23.235+0800][gc,cpu        ] GC(1) User=0.01s Sys=0.01s Real=0.01s
[2021-09-18T08:55:23.235+0800][gc,marking    ] GC(1) Concurrent Rebuild Remembered Sets
[2021-09-18T08:55:23.235+0800][gc,marking    ] GC(1) Concurrent Rebuild Remembered Sets 0.106ms
[2021-09-18T08:55:23.236+0800][gc,start      ] GC(1) Pause Cleanup
[2021-09-18T08:55:23.236+0800][gc            ] GC(1) Pause Cleanup 5M->5M(512M) 0.076ms
[2021-09-18T08:55:23.236+0800][gc,cpu        ] GC(1) User=0.00s Sys=0.00s Real=0.00s
[2021-09-18T08:55:23.236+0800][gc,marking    ] GC(1) Concurrent Cleanup for Next Mark
[2021-09-18T08:55:23.249+0800][gc,marking    ] GC(1) Concurrent Cleanup for Next Mark 13.087ms
[2021-09-18T08:55:23.249+0800][gc            ] GC(1) Concurrent Cycle 29.405ms
[2021-09-18T08:55:30.586+0800][gc,start      ] GC(2) Pause Young (Normal) (G1 Evacuation Pause)
[2021-09-18T08:55:30.586+0800][gc,task       ] GC(2) Using 8 workers of 8 for evacuation
[2021-09-18T08:55:30.622+0800][gc,phases     ] GC(2)   Pre Evacuate Collection Set: 0.0ms
[2021-09-18T08:55:30.622+0800][gc,phases     ] GC(2)   Evacuate Collection Set: 34.0ms
[2021-09-18T08:55:30.622+0800][gc,phases     ] GC(2)   Post Evacuate Collection Set: 1.2ms
[2021-09-18T08:55:30.622+0800][gc,phases     ] GC(2)   Other: 0.2ms
[2021-09-18T08:55:30.622+0800][gc,heap       ] GC(2) Eden regions: 250->0(245)
[2021-09-18T08:55:30.622+0800][gc,heap       ] GC(2) Survivor regions: 6->11(32)
[2021-09-18T08:55:30.622+0800][gc,heap       ] GC(2) Old regions: 0->0
[2021-09-18T08:55:30.622+0800][gc,heap       ] GC(2) Humongous regions: 0->0
[2021-09-18T08:55:30.622+0800][gc,metaspace  ] GC(2) Metaspace: 31452K->31452K(1077248K)
[2021-09-18T08:55:30.622+0800][gc            ] GC(2) Pause Young (Normal) (G1 Evacuation Pause) 255M->10M(512M) 35.419ms
[2021-09-18T08:55:30.622+0800][gc,cpu        ] GC(2) User=0.10s Sys=0.04s Real=0.04s
[2021-09-18T08:55:33.414+0800][gc,start      ] GC(3) Pause Young (Normal) (G1 Evacuation Pause)
[2021-09-18T08:55:33.414+0800][gc,task       ] GC(3) Using 8 workers of 8 for evacuation
[2021-09-18T08:55:33.441+0800][gc,phases     ] GC(3)   Pre Evacuate Collection Set: 0.0ms
[2021-09-18T08:55:33.441+0800][gc,phases     ] GC(3)   Evacuate Collection Set: 25.2ms
[2021-09-18T08:55:33.441+0800][gc,phases     ] GC(3)   Post Evacuate Collection Set: 1.4ms
[2021-09-18T08:55:33.441+0800][gc,phases     ] GC(3)   Other: 0.3ms
[2021-09-18T08:55:33.441+0800][gc,heap       ] GC(3) Eden regions: 245->0(243)
[2021-09-18T08:55:33.441+0800][gc,heap       ] GC(3) Survivor regions: 11->13(32)
[2021-09-18T08:55:33.441+0800][gc,heap       ] GC(3) Old regions: 0->0
[2021-09-18T08:55:33.441+0800][gc,heap       ] GC(3) Humongous regions: 0->0
[2021-09-18T08:55:33.441+0800][gc,metaspace  ] GC(3) Metaspace: 33435K->33435K(1079296K)
[2021-09-18T08:55:33.441+0800][gc            ] GC(3) Pause Young (Normal) (G1 Evacuation Pause) 255M->13M(512M) 26.920ms
[2021-09-18T08:55:33.441+0800][gc,cpu        ] GC(3) User=0.05s Sys=0.02s Real=0.03s
[2021-09-18T08:55:36.240+0800][gc,start      ] GC(4) Pause Young (Concurrent Start) (Metadata GC Threshold)
[2021-09-18T08:55:36.240+0800][gc,task       ] GC(4) Using 8 workers of 8 for evacuation
[2021-09-18T08:55:36.273+0800][gc,phases     ] GC(4)   Pre Evacuate Collection Set: 0.1ms
[2021-09-18T08:55:36.273+0800][gc,phases     ] GC(4)   Evacuate Collection Set: 27.5ms
[2021-09-18T08:55:36.273+0800][gc,phases     ] GC(4)   Post Evacuate Collection Set: 5.1ms
[2021-09-18T08:55:36.273+0800][gc,phases     ] GC(4)   Other: 0.3ms
[2021-09-18T08:55:36.273+0800][gc,heap       ] GC(4) Eden regions: 182->0(240)
[2021-09-18T08:55:36.273+0800][gc,heap       ] GC(4) Survivor regions: 13->16(32)
[2021-09-18T08:55:36.273+0800][gc,heap       ] GC(4) Old regions: 0->0
[2021-09-18T08:55:36.273+0800][gc,heap       ] GC(4) Humongous regions: 0->0
[2021-09-18T08:55:36.273+0800][gc,metaspace  ] GC(4) Metaspace: 35028K->35028K(1081344K)
[2021-09-18T08:55:36.273+0800][gc            ] GC(4) Pause Young (Concurrent Start) (Metadata GC Threshold) 195M->15M(512M) 33.125ms
[2021-09-18T08:55:36.273+0800][gc,cpu        ] GC(4) User=0.12s Sys=0.04s Real=0.03s
[2021-09-18T08:55:36.273+0800][gc            ] GC(5) Concurrent Cycle
[2021-09-18T08:55:36.273+0800][gc,marking    ] GC(5) Concurrent Clear Claimed Marks
[2021-09-18T08:55:36.273+0800][gc,marking    ] GC(5) Concurrent Clear Claimed Marks 0.120ms
[2021-09-18T08:55:36.274+0800][gc,marking    ] GC(5) Concurrent Scan Root Regions
[2021-09-18T08:55:36.282+0800][gc,marking    ] GC(5) Concurrent Scan Root Regions 8.612ms
[2021-09-18T08:55:36.282+0800][gc,marking    ] GC(5) Concurrent Mark (16.144s)
[2021-09-18T08:55:36.282+0800][gc,marking    ] GC(5) Concurrent Mark From Roots
[2021-09-18T08:55:36.282+0800][gc,task       ] GC(5) Using 2 workers of 2 for marking
[2021-09-18T08:55:36.282+0800][gc,marking    ] GC(5) Concurrent Mark From Roots 0.167ms
[2021-09-18T08:55:36.282+0800][gc,marking    ] GC(5) Concurrent Preclean
[2021-09-18T08:55:36.282+0800][gc,marking    ] GC(5) Concurrent Preclean 0.027ms
[2021-09-18T08:55:36.282+0800][gc,marking    ] GC(5) Concurrent Mark (16.144s, 16.144s) 0.251ms
[2021-09-18T08:55:36.283+0800][gc,start      ] GC(5) Pause Remark
[2021-09-18T08:55:36.289+0800][gc,stringtable] GC(5) Cleaned string and symbol table, strings: 15411 processed, 0 removed, symbols: 109708 processed, 311 removed
[2021-09-18T08:55:36.289+0800][gc            ] GC(5) Pause Remark 16M->16M(512M) 6.393ms
[2021-09-18T08:55:36.289+0800][gc,cpu        ] GC(5) User=0.03s Sys=0.01s Real=0.00s
[2021-09-18T08:55:36.289+0800][gc,marking    ] GC(5) Concurrent Rebuild Remembered Sets
[2021-09-18T08:55:36.289+0800][gc,marking    ] GC(5) Concurrent Rebuild Remembered Sets 0.127ms
[2021-09-18T08:55:36.290+0800][gc,start      ] GC(5) Pause Cleanup
[2021-09-18T08:55:36.290+0800][gc            ] GC(5) Pause Cleanup 16M->16M(512M) 0.136ms
[2021-09-18T08:55:36.290+0800][gc,cpu        ] GC(5) User=0.00s Sys=0.00s Real=0.00s
[2021-09-18T08:55:36.290+0800][gc,marking    ] GC(5) Concurrent Cleanup for Next Mark
[2021-09-18T08:55:36.297+0800][gc,marking    ] GC(5) Concurrent Cleanup for Next Mark 7.066ms
[2021-09-18T08:55:36.297+0800][gc            ] GC(5) Concurrent Cycle 23.874ms
[2021-09-18T08:55:41.087+0800][gc,start      ] GC(6) Pause Young (Normal) (G1 Evacuation Pause)
[2021-09-18T08:55:41.088+0800][gc,task       ] GC(6) Using 8 workers of 8 for evacuation
[2021-09-18T08:55:41.127+0800][gc,phases     ] GC(6)   Pre Evacuate Collection Set: 0.0ms
[2021-09-18T08:55:41.127+0800][gc,phases     ] GC(6)   Evacuate Collection Set: 38.1ms
[2021-09-18T08:55:41.127+0800][gc,phases     ] GC(6)   Post Evacuate Collection Set: 1.1ms
[2021-09-18T08:55:41.127+0800][gc,phases     ] GC(6)   Other: 0.1ms
[2021-09-18T08:55:41.127+0800][gc,heap       ] GC(6) Eden regions: 240->0(234)
[2021-09-18T08:55:41.127+0800][gc,heap       ] GC(6) Survivor regions: 16->22(32)
[2021-09-18T08:55:41.127+0800][gc,heap       ] GC(6) Old regions: 0->0
[2021-09-18T08:55:41.127+0800][gc,heap       ] GC(6) Humongous regions: 0->0
[2021-09-18T08:55:41.127+0800][gc,metaspace  ] GC(6) Metaspace: 44737K->44737K(1089536K)
[2021-09-18T08:55:41.127+0800][gc            ] GC(6) Pause Young (Normal) (G1 Evacuation Pause) 255M->21M(512M) 39.428ms
[2021-09-18T08:55:41.127+0800][gc,cpu        ] GC(6) User=0.14s Sys=0.06s Real=0.04s
[2021-09-18T08:55:45.974+0800][gc,start      ] GC(7) Pause Young (Normal) (G1 Evacuation Pause)
[2021-09-18T08:55:45.974+0800][gc,task       ] GC(7) Using 8 workers of 8 for evacuation
[2021-09-18T08:55:46.045+0800][gc,phases     ] GC(7)   Pre Evacuate Collection Set: 0.0ms
[2021-09-18T08:55:46.045+0800][gc,phases     ] GC(7)   Evacuate Collection Set: 69.0ms
[2021-09-18T08:55:46.045+0800][gc,phases     ] GC(7)   Post Evacuate Collection Set: 2.0ms
[2021-09-18T08:55:46.045+0800][gc,phases     ] GC(7)   Other: 0.2ms
[2021-09-18T08:55:46.045+0800][gc,heap       ] GC(7) Eden regions: 234->0(235)
[2021-09-18T08:55:46.045+0800][gc,heap       ] GC(7) Survivor regions: 22->21(32)
[2021-09-18T08:55:46.045+0800][gc,heap       ] GC(7) Old regions: 0->5
[2021-09-18T08:55:46.045+0800][gc,heap       ] GC(7) Humongous regions: 0->0
[2021-09-18T08:55:46.045+0800][gc,metaspace  ] GC(7) Metaspace: 56518K->56518K(1099776K)
[2021-09-18T08:55:46.045+0800][gc            ] GC(7) Pause Young (Normal) (G1 Evacuation Pause) 255M->25M(512M) 71.284ms
[2021-09-18T08:55:46.045+0800][gc,cpu        ] GC(7) User=0.23s Sys=0.07s Real=0.07s
[2021-09-18T08:55:46.456+0800][gc,start      ] GC(8) Pause Young (Concurrent Start) (Metadata GC Threshold)
[2021-09-18T08:55:46.456+0800][gc,task       ] GC(8) Using 8 workers of 8 for evacuation
[2021-09-18T08:55:46.473+0800][gc,phases     ] GC(8)   Pre Evacuate Collection Set: 0.2ms
[2021-09-18T08:55:46.473+0800][gc,phases     ] GC(8)   Evacuate Collection Set: 16.2ms
[2021-09-18T08:55:46.473+0800][gc,phases     ] GC(8)   Post Evacuate Collection Set: 0.5ms
[2021-09-18T08:55:46.473+0800][gc,phases     ] GC(8)   Other: 0.2ms
[2021-09-18T08:55:46.473+0800][gc,heap       ] GC(8) Eden regions: 9->0(238)
[2021-09-18T08:55:46.473+0800][gc,heap       ] GC(8) Survivor regions: 21->18(32)
[2021-09-18T08:55:46.473+0800][gc,heap       ] GC(8) Old regions: 5->10
[2021-09-18T08:55:46.473+0800][gc,heap       ] GC(8) Humongous regions: 0->0
[2021-09-18T08:55:46.473+0800][gc,metaspace  ] GC(8) Metaspace: 58659K->58659K(1101824K)
[2021-09-18T08:55:46.473+0800][gc            ] GC(8) Pause Young (Concurrent Start) (Metadata GC Threshold) 34M->27M(512M) 17.181ms
[2021-09-18T08:55:46.473+0800][gc,cpu        ] GC(8) User=0.07s Sys=0.01s Real=0.02s
[2021-09-18T08:55:46.473+0800][gc            ] GC(9) Concurrent Cycle
[2021-09-18T08:55:46.473+0800][gc,marking    ] GC(9) Concurrent Clear Claimed Marks
[2021-09-18T08:55:46.473+0800][gc,marking    ] GC(9) Concurrent Clear Claimed Marks 0.163ms
[2021-09-18T08:55:46.473+0800][gc,marking    ] GC(9) Concurrent Scan Root Regions
[2021-09-18T08:55:46.480+0800][gc,marking    ] GC(9) Concurrent Scan Root Regions 6.088ms
[2021-09-18T08:55:46.480+0800][gc,marking    ] GC(9) Concurrent Mark (26.342s)
[2021-09-18T08:55:46.480+0800][gc,marking    ] GC(9) Concurrent Mark From Roots
[2021-09-18T08:55:46.480+0800][gc,task       ] GC(9) Using 2 workers of 2 for marking
[2021-09-18T08:55:46.486+0800][gc,marking    ] GC(9) Concurrent Mark From Roots 6.636ms
[2021-09-18T08:55:46.486+0800][gc,marking    ] GC(9) Concurrent Preclean
[2021-09-18T08:55:46.487+0800][gc,marking    ] GC(9) Concurrent Preclean 0.129ms
[2021-09-18T08:55:46.487+0800][gc,marking    ] GC(9) Concurrent Mark (26.342s, 26.349s) 6.902ms
[2021-09-18T08:55:46.487+0800][gc,start      ] GC(9) Pause Remark
[2021-09-18T08:55:46.518+0800][gc,stringtable] GC(9) Cleaned string and symbol table, strings: 29876 processed, 24 removed, symbols: 171388 processed, 324 removed
[2021-09-18T08:55:46.518+0800][gc            ] GC(9) Pause Remark 28M->28M(512M) 30.871ms
[2021-09-18T08:55:46.518+0800][gc,cpu        ] GC(9) User=0.04s Sys=0.04s Real=0.03s
[2021-09-18T08:55:46.518+0800][gc,marking    ] GC(9) Concurrent Rebuild Remembered Sets
[2021-09-18T08:55:46.526+0800][gc,marking    ] GC(9) Concurrent Rebuild Remembered Sets 8.281ms
[2021-09-18T08:55:46.527+0800][gc,start      ] GC(9) Pause Cleanup
[2021-09-18T08:55:46.527+0800][gc            ] GC(9) Pause Cleanup 28M->28M(512M) 0.174ms
[2021-09-18T08:55:46.527+0800][gc,cpu        ] GC(9) User=0.00s Sys=0.00s Real=0.00s
[2021-09-18T08:55:46.527+0800][gc,marking    ] GC(9) Concurrent Cleanup for Next Mark
[2021-09-18T08:55:46.529+0800][gc,marking    ] GC(9) Concurrent Cleanup for Next Mark 1.650ms
[2021-09-18T08:55:46.529+0800][gc            ] GC(9) Concurrent Cycle 55.514ms
[2021-09-18T08:55:52.237+0800][gc,start      ] GC(10) Pause Young (Normal) (G1 Evacuation Pause)
[2021-09-18T08:55:52.237+0800][gc,task       ] GC(10) Using 8 workers of 8 for evacuation
[2021-09-18T08:55:52.277+0800][gc,phases     ] GC(10)   Pre Evacuate Collection Set: 0.1ms
[2021-09-18T08:55:52.277+0800][gc,phases     ] GC(10)   Evacuate Collection Set: 38.6ms
[2021-09-18T08:55:52.277+0800][gc,phases     ] GC(10)   Post Evacuate Collection Set: 1.1ms
[2021-09-18T08:55:52.277+0800][gc,phases     ] GC(10)   Other: 0.2ms
[2021-09-18T08:55:52.277+0800][gc,heap       ] GC(10) Eden regions: 238->0(232)
[2021-09-18T08:55:52.277+0800][gc,heap       ] GC(10) Survivor regions: 18->24(32)
[2021-09-18T08:55:52.277+0800][gc,heap       ] GC(10) Old regions: 10->13
[2021-09-18T08:55:52.277+0800][gc,heap       ] GC(10) Humongous regions: 6->6
[2021-09-18T08:55:52.277+0800][gc,metaspace  ] GC(10) Metaspace: 68298K->68298K(1112064K)
[2021-09-18T08:55:52.277+0800][gc            ] GC(10) Pause Young (Normal) (G1 Evacuation Pause) 271M->42M(512M) 40.130ms
[2021-09-18T08:55:52.277+0800][gc,cpu        ] GC(10) User=0.09s Sys=0.03s Real=0.04s
