[2021-09-18T08:58:34.090+0800][gc,heap] Heap region size: 1M
[2021-09-18T08:58:34.093+0800][gc     ] Using G1
[2021-09-18T08:58:34.093+0800][gc,heap,coops] Heap address: 0x00000007e0000000, size: 512 MB, Compressed Oops mode: Zero based, Oop shift amount: 3
[2021-09-18T08:58:36.904+0800][gc,start     ] GC(0) Pause Young (Concurrent Start) (Metadata GC Threshold)
[2021-09-18T08:58:36.904+0800][gc,task      ] GC(0) Using 8 workers of 8 for evacuation
[2021-09-18T08:58:36.919+0800][gc,phases    ] GC(0)   Pre Evacuate Collection Set: 0.0ms
[2021-09-18T08:58:36.919+0800][gc,phases    ] GC(0)   Evacuate Collection Set: 14.0ms
[2021-09-18T08:58:36.919+0800][gc,phases    ] GC(0)   Post Evacuate Collection Set: 0.7ms
[2021-09-18T08:58:36.919+0800][gc,phases    ] GC(0)   Other: 0.7ms
[2021-09-18T08:58:36.919+0800][gc,heap      ] GC(0) Eden regions: 175->0(250)
[2021-09-18T08:58:36.919+0800][gc,heap      ] GC(0) Survivor regions: 0->6(32)
[2021-09-18T08:58:36.919+0800][gc,heap      ] GC(0) Old regions: 0->0
[2021-09-18T08:58:36.919+0800][gc,heap      ] GC(0) Humongous regions: 0->0
[2021-09-18T08:58:36.919+0800][gc,metaspace ] GC(0) Metaspace: 20688K->20688K(1069056K)
[2021-09-18T08:58:36.919+0800][gc           ] GC(0) Pause Young (Concurrent Start) (Metadata GC Threshold) 174M->5M(512M) 15.533ms
[2021-09-18T08:58:36.919+0800][gc,cpu       ] GC(0) User=0.04s Sys=0.03s Real=0.01s
[2021-09-18T08:58:36.921+0800][gc           ] GC(1) Concurrent Cycle
[2021-09-18T08:58:36.921+0800][gc,marking   ] GC(1) Concurrent Clear Claimed Marks
[2021-09-18T08:58:36.921+0800][gc,marking   ] GC(1) Concurrent Clear Claimed Marks 0.066ms
[2021-09-18T08:58:36.921+0800][gc,marking   ] GC(1) Concurrent Scan Root Regions
[2021-09-18T08:58:36.923+0800][gc,marking   ] GC(1) Concurrent Scan Root Regions 1.757ms
[2021-09-18T08:58:36.923+0800][gc,marking   ] GC(1) Concurrent Mark (2.843s)
[2021-09-18T08:58:36.923+0800][gc,marking   ] GC(1) Concurrent Mark From Roots
[2021-09-18T08:58:36.923+0800][gc,task      ] GC(1) Using 2 workers of 2 for marking
[2021-09-18T08:58:36.923+0800][gc,marking   ] GC(1) Concurrent Mark From Roots 0.078ms
[2021-09-18T08:58:36.923+0800][gc,marking   ] GC(1) Concurrent Preclean
[2021-09-18T08:58:36.923+0800][gc,marking   ] GC(1) Concurrent Preclean 0.022ms
[2021-09-18T08:58:36.923+0800][gc,marking   ] GC(1) Concurrent Mark (2.843s, 2.844s) 0.123ms
[2021-09-18T08:58:36.928+0800][gc,start     ] GC(1) Pause Remark
[2021-09-18T08:58:36.932+0800][gc,stringtable] GC(1) Cleaned string and symbol table, strings: 7318 processed, 0 removed, symbols: 67842 processed, 85 removed
[2021-09-18T08:58:36.933+0800][gc            ] GC(1) Pause Remark 5M->5M(512M) 4.645ms
[2021-09-18T08:58:36.933+0800][gc,cpu        ] GC(1) User=0.00s Sys=0.00s Real=0.01s
[2021-09-18T08:58:36.933+0800][gc,marking    ] GC(1) Concurrent Rebuild Remembered Sets
[2021-09-18T08:58:36.933+0800][gc,marking    ] GC(1) Concurrent Rebuild Remembered Sets 0.134ms
[2021-09-18T08:58:36.933+0800][gc,start      ] GC(1) Pause Cleanup
[2021-09-18T08:58:36.933+0800][gc            ] GC(1) Pause Cleanup 5M->5M(512M) 0.057ms
[2021-09-18T08:58:36.933+0800][gc,cpu        ] GC(1) User=0.00s Sys=0.00s Real=0.00s
[2021-09-18T08:58:36.933+0800][gc,marking    ] GC(1) Concurrent Cleanup for Next Mark
[2021-09-18T08:58:36.939+0800][gc,marking    ] GC(1) Concurrent Cleanup for Next Mark 5.683ms
[2021-09-18T08:58:36.943+0800][gc            ] GC(1) Concurrent Cycle 21.593ms
[2021-09-18T08:58:43.685+0800][gc,start      ] GC(2) Pause Young (Normal) (G1 Evacuation Pause)
[2021-09-18T08:58:43.685+0800][gc,task       ] GC(2) Using 8 workers of 8 for evacuation
[2021-09-18T08:58:43.711+0800][gc,phases     ] GC(2)   Pre Evacuate Collection Set: 0.1ms
[2021-09-18T08:58:43.711+0800][gc,phases     ] GC(2)   Evacuate Collection Set: 25.3ms
[2021-09-18T08:58:43.711+0800][gc,phases     ] GC(2)   Post Evacuate Collection Set: 1.0ms
[2021-09-18T08:58:43.711+0800][gc,phases     ] GC(2)   Other: 0.3ms
[2021-09-18T08:58:43.711+0800][gc,heap       ] GC(2) Eden regions: 250->0(246)
[2021-09-18T08:58:43.711+0800][gc,heap       ] GC(2) Survivor regions: 6->10(32)
[2021-09-18T08:58:43.711+0800][gc,heap       ] GC(2) Old regions: 0->0
[2021-09-18T08:58:43.711+0800][gc,heap       ] GC(2) Humongous regions: 0->0
[2021-09-18T08:58:43.711+0800][gc,metaspace  ] GC(2) Metaspace: 30881K->30881K(1077248K)
[2021-09-18T08:58:43.711+0800][gc            ] GC(2) Pause Young (Normal) (G1 Evacuation Pause) 255M->9M(512M) 26.808ms
[2021-09-18T08:58:43.711+0800][gc,cpu        ] GC(2) User=0.09s Sys=0.04s Real=0.03s
[2021-09-18T08:58:46.140+0800][gc,start      ] GC(3) Pause Young (Normal) (G1 Evacuation Pause)
[2021-09-18T08:58:46.140+0800][gc,task       ] GC(3) Using 8 workers of 8 for evacuation
[2021-09-18T08:58:46.169+0800][gc,phases     ] GC(3)   Pre Evacuate Collection Set: 0.0ms
[2021-09-18T08:58:46.169+0800][gc,phases     ] GC(3)   Evacuate Collection Set: 27.8ms
[2021-09-18T08:58:46.169+0800][gc,phases     ] GC(3)   Post Evacuate Collection Set: 0.7ms
[2021-09-18T08:58:46.169+0800][gc,phases     ] GC(3)   Other: 0.2ms
[2021-09-18T08:58:46.169+0800][gc,heap       ] GC(3) Eden regions: 246->0(242)
[2021-09-18T08:58:46.169+0800][gc,heap       ] GC(3) Survivor regions: 10->14(32)
[2021-09-18T08:58:46.169+0800][gc,heap       ] GC(3) Old regions: 0->0
[2021-09-18T08:58:46.169+0800][gc,heap       ] GC(3) Humongous regions: 0->0
[2021-09-18T08:58:46.169+0800][gc,metaspace  ] GC(3) Metaspace: 33393K->33393K(1079296K)
[2021-09-18T08:58:46.169+0800][gc            ] GC(3) Pause Young (Normal) (G1 Evacuation Pause) 255M->13M(512M) 28.746ms
[2021-09-18T08:58:46.169+0800][gc,cpu        ] GC(3) User=0.10s Sys=0.04s Real=0.02s
[2021-09-18T08:58:48.643+0800][gc,start      ] GC(4) Pause Young (Concurrent Start) (Metadata GC Threshold)
[2021-09-18T08:58:48.643+0800][gc,task       ] GC(4) Using 8 workers of 8 for evacuation
[2021-09-18T08:58:48.664+0800][gc,phases     ] GC(4)   Pre Evacuate Collection Set: 0.1ms
[2021-09-18T08:58:48.664+0800][gc,phases     ] GC(4)   Evacuate Collection Set: 19.4ms
[2021-09-18T08:58:48.664+0800][gc,phases     ] GC(4)   Post Evacuate Collection Set: 0.7ms
[2021-09-18T08:58:48.664+0800][gc,phases     ] GC(4)   Other: 0.2ms
[2021-09-18T08:58:48.664+0800][gc,heap       ] GC(4) Eden regions: 204->0(240)
[2021-09-18T08:58:48.664+0800][gc,heap       ] GC(4) Survivor regions: 14->16(32)
[2021-09-18T08:58:48.664+0800][gc,heap       ] GC(4) Old regions: 0->0
[2021-09-18T08:58:48.664+0800][gc,heap       ] GC(4) Humongous regions: 0->0
[2021-09-18T08:58:48.664+0800][gc,metaspace  ] GC(4) Metaspace: 35013K->35013K(1081344K)
[2021-09-18T08:58:48.664+0800][gc            ] GC(4) Pause Young (Concurrent Start) (Metadata GC Threshold) 216M->15M(512M) 20.480ms
[2021-09-18T08:58:48.664+0800][gc,cpu        ] GC(4) User=0.08s Sys=0.02s Real=0.02s
[2021-09-18T08:58:48.664+0800][gc            ] GC(5) Concurrent Cycle
[2021-09-18T08:58:48.664+0800][gc,marking    ] GC(5) Concurrent Clear Claimed Marks
[2021-09-18T08:58:48.664+0800][gc,marking    ] GC(5) Concurrent Clear Claimed Marks 0.078ms
[2021-09-18T08:58:48.664+0800][gc,marking    ] GC(5) Concurrent Scan Root Regions
[2021-09-18T08:58:48.668+0800][gc,marking    ] GC(5) Concurrent Scan Root Regions 3.822ms
[2021-09-18T08:58:48.668+0800][gc,marking    ] GC(5) Concurrent Mark (14.589s)
[2021-09-18T08:58:48.668+0800][gc,marking    ] GC(5) Concurrent Mark From Roots
[2021-09-18T08:58:48.668+0800][gc,task       ] GC(5) Using 2 workers of 2 for marking
[2021-09-18T08:58:48.668+0800][gc,marking    ] GC(5) Concurrent Mark From Roots 0.126ms
[2021-09-18T08:58:48.668+0800][gc,marking    ] GC(5) Concurrent Preclean
[2021-09-18T08:58:48.668+0800][gc,marking    ] GC(5) Concurrent Preclean 0.021ms
[2021-09-18T08:58:48.668+0800][gc,marking    ] GC(5) Concurrent Mark (14.589s, 14.589s) 0.167ms
[2021-09-18T08:58:48.669+0800][gc,start      ] GC(5) Pause Remark
[2021-09-18T08:58:48.675+0800][gc,stringtable] GC(5) Cleaned string and symbol table, strings: 15413 processed, 0 removed, symbols: 109829 processed, 313 removed
[2021-09-18T08:58:48.675+0800][gc            ] GC(5) Pause Remark 16M->16M(512M) 6.160ms
[2021-09-18T08:58:48.675+0800][gc,cpu        ] GC(5) User=0.01s Sys=0.01s Real=0.01s
[2021-09-18T08:58:48.675+0800][gc,marking    ] GC(5) Concurrent Rebuild Remembered Sets
[2021-09-18T08:58:48.675+0800][gc,marking    ] GC(5) Concurrent Rebuild Remembered Sets 0.022ms
[2021-09-18T08:58:48.675+0800][gc,start      ] GC(5) Pause Cleanup
[2021-09-18T08:58:48.675+0800][gc            ] GC(5) Pause Cleanup 16M->16M(512M) 0.068ms
[2021-09-18T08:58:48.675+0800][gc,cpu        ] GC(5) User=0.00s Sys=0.00s Real=0.00s
[2021-09-18T08:58:48.675+0800][gc,marking    ] GC(5) Concurrent Cleanup for Next Mark
[2021-09-18T08:58:48.677+0800][gc,marking    ] GC(5) Concurrent Cleanup for Next Mark 1.608ms
[2021-09-18T08:58:48.677+0800][gc            ] GC(5) Concurrent Cycle 13.307ms
[2021-09-18T08:58:52.920+0800][gc,start      ] GC(6) Pause Young (Normal) (G1 Evacuation Pause)
[2021-09-18T08:58:52.920+0800][gc,task       ] GC(6) Using 8 workers of 8 for evacuation
[2021-09-18T08:58:52.958+0800][gc,phases     ] GC(6)   Pre Evacuate Collection Set: 0.0ms
[2021-09-18T08:58:52.958+0800][gc,phases     ] GC(6)   Evacuate Collection Set: 36.0ms
[2021-09-18T08:58:52.958+0800][gc,phases     ] GC(6)   Post Evacuate Collection Set: 1.3ms
[2021-09-18T08:58:52.958+0800][gc,phases     ] GC(6)   Other: 0.1ms
[2021-09-18T08:58:52.958+0800][gc,heap       ] GC(6) Eden regions: 240->0(235)
[2021-09-18T08:58:52.958+0800][gc,heap       ] GC(6) Survivor regions: 16->21(32)
[2021-09-18T08:58:52.958+0800][gc,heap       ] GC(6) Old regions: 0->0
[2021-09-18T08:58:52.958+0800][gc,heap       ] GC(6) Humongous regions: 0->0
[2021-09-18T08:58:52.958+0800][gc,metaspace  ] GC(6) Metaspace: 44682K->44682K(1089536K)
[2021-09-18T08:58:52.958+0800][gc            ] GC(6) Pause Young (Normal) (G1 Evacuation Pause) 255M->21M(512M) 37.573ms
[2021-09-18T08:58:52.958+0800][gc,cpu        ] GC(6) User=0.16s Sys=0.05s Real=0.03s
[2021-09-18T08:58:57.207+0800][gc,start      ] GC(7) Pause Young (Normal) (G1 Evacuation Pause)
[2021-09-18T08:58:57.207+0800][gc,task       ] GC(7) Using 8 workers of 8 for evacuation
[2021-09-18T08:58:57.246+0800][gc,phases     ] GC(7)   Pre Evacuate Collection Set: 0.0ms
[2021-09-18T08:58:57.246+0800][gc,phases     ] GC(7)   Evacuate Collection Set: 37.6ms
[2021-09-18T08:58:57.246+0800][gc,phases     ] GC(7)   Post Evacuate Collection Set: 1.3ms
[2021-09-18T08:58:57.246+0800][gc,phases     ] GC(7)   Other: 0.1ms
[2021-09-18T08:58:57.246+0800][gc,heap       ] GC(7) Eden regions: 235->0(234)
[2021-09-18T08:58:57.246+0800][gc,heap       ] GC(7) Survivor regions: 21->22(32)
[2021-09-18T08:58:57.246+0800][gc,heap       ] GC(7) Old regions: 0->5
[2021-09-18T08:58:57.246+0800][gc,heap       ] GC(7) Humongous regions: 0->0
[2021-09-18T08:58:57.246+0800][gc,metaspace  ] GC(7) Metaspace: 56439K->56439K(1099776K)
[2021-09-18T08:58:57.246+0800][gc            ] GC(7) Pause Young (Normal) (G1 Evacuation Pause) 256M->26M(512M) 39.136ms
[2021-09-18T08:58:57.246+0800][gc,cpu        ] GC(7) User=0.12s Sys=0.05s Real=0.04s
[2021-09-18T08:58:57.505+0800][gc,start      ] GC(8) Pause Young (Concurrent Start) (Metadata GC Threshold)
[2021-09-18T08:58:57.505+0800][gc,task       ] GC(8) Using 8 workers of 8 for evacuation
[2021-09-18T08:58:57.516+0800][gc,phases     ] GC(8)   Pre Evacuate Collection Set: 0.1ms
[2021-09-18T08:58:57.516+0800][gc,phases     ] GC(8)   Evacuate Collection Set: 10.1ms
[2021-09-18T08:58:57.516+0800][gc,phases     ] GC(8)   Post Evacuate Collection Set: 0.5ms
[2021-09-18T08:58:57.516+0800][gc,phases     ] GC(8)   Other: 0.2ms
[2021-09-18T08:58:57.516+0800][gc,heap       ] GC(8) Eden regions: 11->0(236)
[2021-09-18T08:58:57.516+0800][gc,heap       ] GC(8) Survivor regions: 22->20(32)
[2021-09-18T08:58:57.516+0800][gc,heap       ] GC(8) Old regions: 5->9
[2021-09-18T08:58:57.516+0800][gc,heap       ] GC(8) Humongous regions: 0->0
[2021-09-18T08:58:57.516+0800][gc,metaspace  ] GC(8) Metaspace: 58653K->58653K(1101824K)
[2021-09-18T08:58:57.516+0800][gc            ] GC(8) Pause Young (Concurrent Start) (Metadata GC Threshold) 37M->28M(512M) 11.027ms
[2021-09-18T08:58:57.516+0800][gc,cpu        ] GC(8) User=0.06s Sys=0.01s Real=0.01s
[2021-09-18T08:58:57.517+0800][gc            ] GC(9) Concurrent Cycle
[2021-09-18T08:58:57.517+0800][gc,marking    ] GC(9) Concurrent Clear Claimed Marks
[2021-09-18T08:58:57.517+0800][gc,marking    ] GC(9) Concurrent Clear Claimed Marks 0.135ms
[2021-09-18T08:58:57.517+0800][gc,marking    ] GC(9) Concurrent Scan Root Regions
[2021-09-18T08:58:57.522+0800][gc,marking    ] GC(9) Concurrent Scan Root Regions 5.508ms
[2021-09-18T08:58:57.523+0800][gc,marking    ] GC(9) Concurrent Mark (23.444s)
[2021-09-18T08:58:57.523+0800][gc,marking    ] GC(9) Concurrent Mark From Roots
[2021-09-18T08:58:57.523+0800][gc,task       ] GC(9) Using 2 workers of 2 for marking
[2021-09-18T08:58:57.527+0800][gc,marking    ] GC(9) Concurrent Mark From Roots 4.801ms
[2021-09-18T08:58:57.527+0800][gc,marking    ] GC(9) Concurrent Preclean
[2021-09-18T08:58:57.527+0800][gc,marking    ] GC(9) Concurrent Preclean 0.045ms
[2021-09-18T08:58:57.527+0800][gc,marking    ] GC(9) Concurrent Mark (23.444s, 23.448s) 4.901ms
[2021-09-18T08:58:57.528+0800][gc,start      ] GC(9) Pause Remark
[2021-09-18T08:58:57.544+0800][gc,stringtable] GC(9) Cleaned string and symbol table, strings: 29602 processed, 24 removed, symbols: 170959 processed, 324 removed
[2021-09-18T08:58:57.544+0800][gc            ] GC(9) Pause Remark 29M->29M(512M) 16.439ms
[2021-09-18T08:58:57.544+0800][gc,cpu        ] GC(9) User=0.03s Sys=0.02s Real=0.02s
[2021-09-18T08:58:57.544+0800][gc,marking    ] GC(9) Concurrent Rebuild Remembered Sets
[2021-09-18T08:58:57.550+0800][gc,marking    ] GC(9) Concurrent Rebuild Remembered Sets 5.964ms
[2021-09-18T08:58:57.551+0800][gc,start      ] GC(9) Pause Cleanup
[2021-09-18T08:58:57.551+0800][gc            ] GC(9) Pause Cleanup 29M->29M(512M) 0.064ms
[2021-09-18T08:58:57.551+0800][gc,cpu        ] GC(9) User=0.00s Sys=0.00s Real=0.00s
[2021-09-18T08:58:57.551+0800][gc,marking    ] GC(9) Concurrent Cleanup for Next Mark
[2021-09-18T08:58:57.557+0800][gc,marking    ] GC(9) Concurrent Cleanup for Next Mark 6.261ms
[2021-09-18T08:58:57.557+0800][gc            ] GC(9) Concurrent Cycle 40.265ms
[2021-09-18T08:59:01.664+0800][gc,start      ] GC(10) Pause Young (Normal) (G1 Evacuation Pause)
[2021-09-18T08:59:01.664+0800][gc,task       ] GC(10) Using 8 workers of 8 for evacuation
[2021-09-18T08:59:01.686+0800][gc,phases     ] GC(10)   Pre Evacuate Collection Set: 0.0ms
[2021-09-18T08:59:01.686+0800][gc,phases     ] GC(10)   Evacuate Collection Set: 21.4ms
[2021-09-18T08:59:01.686+0800][gc,phases     ] GC(10)   Post Evacuate Collection Set: 0.8ms
[2021-09-18T08:59:01.686+0800][gc,phases     ] GC(10)   Other: 0.2ms
[2021-09-18T08:59:01.686+0800][gc,heap       ] GC(10) Eden regions: 236->0(232)
[2021-09-18T08:59:01.686+0800][gc,heap       ] GC(10) Survivor regions: 20->24(32)
[2021-09-18T08:59:01.686+0800][gc,heap       ] GC(10) Old regions: 9->13
[2021-09-18T08:59:01.686+0800][gc,heap       ] GC(10) Humongous regions: 6->6
[2021-09-18T08:59:01.686+0800][gc,metaspace  ] GC(10) Metaspace: 68308K->68308K(1112064K)
[2021-09-18T08:59:01.686+0800][gc            ] GC(10) Pause Young (Normal) (G1 Evacuation Pause) 270M->41M(512M) 22.420ms
[2021-09-18T08:59:01.686+0800][gc,cpu        ] GC(10) User=0.12s Sys=0.02s Real=0.02s
