[2021-09-18T09:04:02.270+0800][gc,heap] Heap region size: 1M
[2021-09-18T09:04:02.274+0800][gc     ] Using G1
[2021-09-18T09:04:02.274+0800][gc,heap,coops] Heap address: 0x00000007e0000000, size: 512 MB, Compressed Oops mode: Zero based, Oop shift amount: 3
[2021-09-18T09:04:05.116+0800][gc,start     ] GC(0) Pause Young (Concurrent Start) (Metadata GC Threshold)
[2021-09-18T09:04:05.117+0800][gc,task      ] GC(0) Using 8 workers of 8 for evacuation
[2021-09-18T09:04:05.131+0800][gc,phases    ] GC(0)   Pre Evacuate Collection Set: 0.0ms
[2021-09-18T09:04:05.131+0800][gc,phases    ] GC(0)   Evacuate Collection Set: 13.5ms
[2021-09-18T09:04:05.131+0800][gc,phases    ] GC(0)   Post Evacuate Collection Set: 0.6ms
[2021-09-18T09:04:05.131+0800][gc,phases    ] GC(0)   Other: 0.7ms
[2021-09-18T09:04:05.131+0800][gc,heap      ] GC(0) Eden regions: 171->0(250)
[2021-09-18T09:04:05.131+0800][gc,heap      ] GC(0) Survivor regions: 0->6(32)
[2021-09-18T09:04:05.131+0800][gc,heap      ] GC(0) Old regions: 0->0
[2021-09-18T09:04:05.131+0800][gc,heap      ] GC(0) Humongous regions: 0->0
[2021-09-18T09:04:05.131+0800][gc,metaspace ] GC(0) Metaspace: 20677K->20677K(1069056K)
[2021-09-18T09:04:05.131+0800][gc           ] GC(0) Pause Young (Concurrent Start) (Metadata GC Threshold) 171M->5M(512M) 14.998ms
[2021-09-18T09:04:05.131+0800][gc,cpu       ] GC(0) User=0.05s Sys=0.02s Real=0.02s
[2021-09-18T09:04:05.132+0800][gc           ] GC(1) Concurrent Cycle
[2021-09-18T09:04:05.132+0800][gc,marking   ] GC(1) Concurrent Clear Claimed Marks
[2021-09-18T09:04:05.132+0800][gc,marking   ] GC(1) Concurrent Clear Claimed Marks 0.076ms
[2021-09-18T09:04:05.132+0800][gc,marking   ] GC(1) Concurrent Scan Root Regions
[2021-09-18T09:04:05.134+0800][gc,marking   ] GC(1) Concurrent Scan Root Regions 1.650ms
[2021-09-18T09:04:05.134+0800][gc,marking   ] GC(1) Concurrent Mark (2.873s)
[2021-09-18T09:04:05.134+0800][gc,marking   ] GC(1) Concurrent Mark From Roots
[2021-09-18T09:04:05.134+0800][gc,task      ] GC(1) Using 2 workers of 2 for marking
[2021-09-18T09:04:05.134+0800][gc,marking   ] GC(1) Concurrent Mark From Roots 0.097ms
[2021-09-18T09:04:05.134+0800][gc,marking   ] GC(1) Concurrent Preclean
[2021-09-18T09:04:05.134+0800][gc,marking   ] GC(1) Concurrent Preclean 0.024ms
[2021-09-18T09:04:05.134+0800][gc,marking   ] GC(1) Concurrent Mark (2.873s, 2.873s) 0.143ms
[2021-09-18T09:04:05.134+0800][gc,start     ] GC(1) Pause Remark
[2021-09-18T09:04:05.138+0800][gc,stringtable] GC(1) Cleaned string and symbol table, strings: 7287 processed, 0 removed, symbols: 67843 processed, 85 removed
[2021-09-18T09:04:05.139+0800][gc            ] GC(1) Pause Remark 5M->5M(512M) 4.474ms
[2021-09-18T09:04:05.139+0800][gc,cpu        ] GC(1) User=0.01s Sys=0.00s Real=0.00s
[2021-09-18T09:04:05.139+0800][gc,marking    ] GC(1) Concurrent Rebuild Remembered Sets
[2021-09-18T09:04:05.139+0800][gc,marking    ] GC(1) Concurrent Rebuild Remembered Sets 0.036ms
[2021-09-18T09:04:05.140+0800][gc,start      ] GC(1) Pause Cleanup
[2021-09-18T09:04:05.140+0800][gc            ] GC(1) Pause Cleanup 5M->5M(512M) 0.066ms
[2021-09-18T09:04:05.140+0800][gc,cpu        ] GC(1) User=0.00s Sys=0.00s Real=0.00s
[2021-09-18T09:04:05.140+0800][gc,marking    ] GC(1) Concurrent Cleanup for Next Mark
[2021-09-18T09:04:05.141+0800][gc,marking    ] GC(1) Concurrent Cleanup for Next Mark 1.645ms
[2021-09-18T09:04:05.141+0800][gc            ] GC(1) Concurrent Cycle 9.330ms
[2021-09-18T09:04:11.909+0800][gc,start      ] GC(2) Pause Young (Normal) (G1 Evacuation Pause)
[2021-09-18T09:04:11.909+0800][gc,task       ] GC(2) Using 8 workers of 8 for evacuation
[2021-09-18T09:04:11.939+0800][gc,phases     ] GC(2)   Pre Evacuate Collection Set: 0.1ms
[2021-09-18T09:04:11.939+0800][gc,phases     ] GC(2)   Evacuate Collection Set: 28.4ms
[2021-09-18T09:04:11.939+0800][gc,phases     ] GC(2)   Post Evacuate Collection Set: 1.2ms
[2021-09-18T09:04:11.939+0800][gc,phases     ] GC(2)   Other: 0.2ms
[2021-09-18T09:04:11.939+0800][gc,heap       ] GC(2) Eden regions: 250->0(246)
[2021-09-18T09:04:11.939+0800][gc,heap       ] GC(2) Survivor regions: 6->10(32)
[2021-09-18T09:04:11.939+0800][gc,heap       ] GC(2) Old regions: 0->0
[2021-09-18T09:04:11.939+0800][gc,heap       ] GC(2) Humongous regions: 0->0
[2021-09-18T09:04:11.939+0800][gc,metaspace  ] GC(2) Metaspace: 30754K->30754K(1077248K)
[2021-09-18T09:04:11.939+0800][gc            ] GC(2) Pause Young (Normal) (G1 Evacuation Pause) 255M->9M(512M) 30.023ms
[2021-09-18T09:04:11.939+0800][gc,cpu        ] GC(2) User=0.11s Sys=0.06s Real=0.03s
[2021-09-18T09:04:14.394+0800][gc,start      ] GC(3) Pause Young (Normal) (G1 Evacuation Pause)
[2021-09-18T09:04:14.394+0800][gc,task       ] GC(3) Using 8 workers of 8 for evacuation
[2021-09-18T09:04:14.409+0800][gc,phases     ] GC(3)   Pre Evacuate Collection Set: 0.0ms
[2021-09-18T09:04:14.409+0800][gc,phases     ] GC(3)   Evacuate Collection Set: 13.4ms
[2021-09-18T09:04:14.409+0800][gc,phases     ] GC(3)   Post Evacuate Collection Set: 0.7ms
[2021-09-18T09:04:14.409+0800][gc,phases     ] GC(3)   Other: 0.1ms
[2021-09-18T09:04:14.409+0800][gc,heap       ] GC(3) Eden regions: 246->0(242)
[2021-09-18T09:04:14.409+0800][gc,heap       ] GC(3) Survivor regions: 10->14(32)
[2021-09-18T09:04:14.409+0800][gc,heap       ] GC(3) Old regions: 0->0
[2021-09-18T09:04:14.409+0800][gc,heap       ] GC(3) Humongous regions: 0->0
[2021-09-18T09:04:14.409+0800][gc,metaspace  ] GC(3) Metaspace: 33396K->33396K(1079296K)
[2021-09-18T09:04:14.409+0800][gc            ] GC(3) Pause Young (Normal) (G1 Evacuation Pause) 255M->13M(512M) 14.367ms
[2021-09-18T09:04:14.409+0800][gc,cpu        ] GC(3) User=0.06s Sys=0.03s Real=0.01s
[2021-09-18T09:04:16.933+0800][gc,start      ] GC(4) Pause Young (Concurrent Start) (Metadata GC Threshold)
[2021-09-18T09:04:16.933+0800][gc,task       ] GC(4) Using 8 workers of 8 for evacuation
[2021-09-18T09:04:16.955+0800][gc,phases     ] GC(4)   Pre Evacuate Collection Set: 0.1ms
[2021-09-18T09:04:16.955+0800][gc,phases     ] GC(4)   Evacuate Collection Set: 20.7ms
[2021-09-18T09:04:16.955+0800][gc,phases     ] GC(4)   Post Evacuate Collection Set: 0.9ms
[2021-09-18T09:04:16.955+0800][gc,phases     ] GC(4)   Other: 0.2ms
[2021-09-18T09:04:16.955+0800][gc,heap       ] GC(4) Eden regions: 203->0(240)
[2021-09-18T09:04:16.955+0800][gc,heap       ] GC(4) Survivor regions: 14->16(32)
[2021-09-18T09:04:16.955+0800][gc,heap       ] GC(4) Old regions: 0->0
[2021-09-18T09:04:16.955+0800][gc,heap       ] GC(4) Humongous regions: 0->0
[2021-09-18T09:04:16.955+0800][gc,metaspace  ] GC(4) Metaspace: 35018K->35018K(1081344K)
[2021-09-18T09:04:16.955+0800][gc            ] GC(4) Pause Young (Concurrent Start) (Metadata GC Threshold) 215M->15M(512M) 22.000ms
[2021-09-18T09:04:16.955+0800][gc,cpu        ] GC(4) User=0.10s Sys=0.03s Real=0.02s
[2021-09-18T09:04:16.955+0800][gc            ] GC(5) Concurrent Cycle
[2021-09-18T09:04:16.955+0800][gc,marking    ] GC(5) Concurrent Clear Claimed Marks
[2021-09-18T09:04:16.955+0800][gc,marking    ] GC(5) Concurrent Clear Claimed Marks 0.075ms
[2021-09-18T09:04:16.955+0800][gc,marking    ] GC(5) Concurrent Scan Root Regions
[2021-09-18T09:04:16.959+0800][gc,marking    ] GC(5) Concurrent Scan Root Regions 3.790ms
[2021-09-18T09:04:16.959+0800][gc,marking    ] GC(5) Concurrent Mark (14.698s)
[2021-09-18T09:04:16.959+0800][gc,marking    ] GC(5) Concurrent Mark From Roots
[2021-09-18T09:04:16.959+0800][gc,task       ] GC(5) Using 2 workers of 2 for marking
[2021-09-18T09:04:16.959+0800][gc,marking    ] GC(5) Concurrent Mark From Roots 0.089ms
[2021-09-18T09:04:16.959+0800][gc,marking    ] GC(5) Concurrent Preclean
[2021-09-18T09:04:16.959+0800][gc,marking    ] GC(5) Concurrent Preclean 0.021ms
[2021-09-18T09:04:16.959+0800][gc,marking    ] GC(5) Concurrent Mark (14.698s, 14.698s) 0.129ms
[2021-09-18T09:04:16.959+0800][gc,start      ] GC(5) Pause Remark
[2021-09-18T09:04:16.965+0800][gc,stringtable] GC(5) Cleaned string and symbol table, strings: 15407 processed, 0 removed, symbols: 109739 processed, 312 removed
[2021-09-18T09:04:16.965+0800][gc            ] GC(5) Pause Remark 16M->16M(512M) 6.171ms
[2021-09-18T09:04:16.965+0800][gc,cpu        ] GC(5) User=0.02s Sys=0.00s Real=0.01s
[2021-09-18T09:04:16.966+0800][gc,marking    ] GC(5) Concurrent Rebuild Remembered Sets
[2021-09-18T09:04:16.966+0800][gc,marking    ] GC(5) Concurrent Rebuild Remembered Sets 0.074ms
[2021-09-18T09:04:16.966+0800][gc,start      ] GC(5) Pause Cleanup
[2021-09-18T09:04:16.966+0800][gc            ] GC(5) Pause Cleanup 16M->16M(512M) 0.072ms
[2021-09-18T09:04:16.966+0800][gc,cpu        ] GC(5) User=0.00s Sys=0.00s Real=0.00s
[2021-09-18T09:04:16.966+0800][gc,marking    ] GC(5) Concurrent Cleanup for Next Mark
[2021-09-18T09:04:16.968+0800][gc,marking    ] GC(5) Concurrent Cleanup for Next Mark 1.511ms
[2021-09-18T09:04:16.968+0800][gc            ] GC(5) Concurrent Cycle 12.979ms
[2021-09-18T09:04:21.362+0800][gc,start      ] GC(6) Pause Young (Normal) (G1 Evacuation Pause)
[2021-09-18T09:04:21.362+0800][gc,task       ] GC(6) Using 8 workers of 8 for evacuation
[2021-09-18T09:04:21.394+0800][gc,phases     ] GC(6)   Pre Evacuate Collection Set: 0.0ms
[2021-09-18T09:04:21.394+0800][gc,phases     ] GC(6)   Evacuate Collection Set: 30.6ms
[2021-09-18T09:04:21.394+0800][gc,phases     ] GC(6)   Post Evacuate Collection Set: 1.2ms
[2021-09-18T09:04:21.394+0800][gc,phases     ] GC(6)   Other: 0.1ms
[2021-09-18T09:04:21.394+0800][gc,heap       ] GC(6) Eden regions: 240->0(235)
[2021-09-18T09:04:21.394+0800][gc,heap       ] GC(6) Survivor regions: 16->21(32)
[2021-09-18T09:04:21.394+0800][gc,heap       ] GC(6) Old regions: 0->0
[2021-09-18T09:04:21.394+0800][gc,heap       ] GC(6) Humongous regions: 0->0
[2021-09-18T09:04:21.394+0800][gc,metaspace  ] GC(6) Metaspace: 44766K->44766K(1089536K)
[2021-09-18T09:04:21.394+0800][gc            ] GC(6) Pause Young (Normal) (G1 Evacuation Pause) 255M->20M(512M) 32.063ms
[2021-09-18T09:04:21.394+0800][gc,cpu        ] GC(6) User=0.11s Sys=0.05s Real=0.03s
[2021-09-18T09:04:26.032+0800][gc,start      ] GC(7) Pause Young (Normal) (G1 Evacuation Pause)
[2021-09-18T09:04:26.032+0800][gc,task       ] GC(7) Using 8 workers of 8 for evacuation
[2021-09-18T09:04:26.089+0800][gc,phases     ] GC(7)   Pre Evacuate Collection Set: 0.0ms
[2021-09-18T09:04:26.089+0800][gc,phases     ] GC(7)   Evacuate Collection Set: 54.6ms
[2021-09-18T09:04:26.089+0800][gc,phases     ] GC(7)   Post Evacuate Collection Set: 2.1ms
[2021-09-18T09:04:26.089+0800][gc,phases     ] GC(7)   Other: 0.2ms
[2021-09-18T09:04:26.089+0800][gc,heap       ] GC(7) Eden regions: 235->0(234)
[2021-09-18T09:04:26.089+0800][gc,heap       ] GC(7) Survivor regions: 21->22(32)
[2021-09-18T09:04:26.089+0800][gc,heap       ] GC(7) Old regions: 0->5
[2021-09-18T09:04:26.089+0800][gc,heap       ] GC(7) Humongous regions: 0->0
[2021-09-18T09:04:26.089+0800][gc,metaspace  ] GC(7) Metaspace: 56603K->56603K(1101824K)
[2021-09-18T09:04:26.089+0800][gc            ] GC(7) Pause Young (Normal) (G1 Evacuation Pause) 255M->26M(512M) 56.948ms
[2021-09-18T09:04:26.089+0800][gc,cpu        ] GC(7) User=0.18s Sys=0.06s Real=0.05s
[2021-09-18T09:04:26.876+0800][gc,start      ] GC(8) Pause Young (Concurrent Start) (Metadata GC Threshold)
[2021-09-18T09:04:26.876+0800][gc,task       ] GC(8) Using 8 workers of 8 for evacuation
[2021-09-18T09:04:26.909+0800][gc,phases     ] GC(8)   Pre Evacuate Collection Set: 0.2ms
[2021-09-18T09:04:26.909+0800][gc,phases     ] GC(8)   Evacuate Collection Set: 31.9ms
[2021-09-18T09:04:26.909+0800][gc,phases     ] GC(8)   Post Evacuate Collection Set: 0.7ms
[2021-09-18T09:04:26.909+0800][gc,phases     ] GC(8)   Other: 0.3ms
[2021-09-18T09:04:26.909+0800][gc,heap       ] GC(8) Eden regions: 18->0(238)
[2021-09-18T09:04:26.909+0800][gc,heap       ] GC(8) Survivor regions: 22->18(32)
[2021-09-18T09:04:26.909+0800][gc,heap       ] GC(8) Old regions: 5->12
[2021-09-18T09:04:26.909+0800][gc,heap       ] GC(8) Humongous regions: 0->0
[2021-09-18T09:04:26.909+0800][gc,metaspace  ] GC(8) Metaspace: 58721K->58721K(1101824K)
[2021-09-18T09:04:26.909+0800][gc            ] GC(8) Pause Young (Concurrent Start) (Metadata GC Threshold) 44M->29M(512M) 33.162ms
[2021-09-18T09:04:26.909+0800][gc,cpu        ] GC(8) User=0.10s Sys=0.05s Real=0.03s
[2021-09-18T09:04:26.909+0800][gc            ] GC(9) Concurrent Cycle
[2021-09-18T09:04:26.909+0800][gc,marking    ] GC(9) Concurrent Clear Claimed Marks
[2021-09-18T09:04:26.909+0800][gc,marking    ] GC(9) Concurrent Clear Claimed Marks 0.153ms
[2021-09-18T09:04:26.909+0800][gc,marking    ] GC(9) Concurrent Scan Root Regions
[2021-09-18T09:04:26.915+0800][gc,marking    ] GC(9) Concurrent Scan Root Regions 6.181ms
[2021-09-18T09:04:26.915+0800][gc,marking    ] GC(9) Concurrent Mark (24.655s)
[2021-09-18T09:04:26.915+0800][gc,marking    ] GC(9) Concurrent Mark From Roots
[2021-09-18T09:04:26.915+0800][gc,task       ] GC(9) Using 2 workers of 2 for marking
[2021-09-18T09:04:26.927+0800][gc,marking    ] GC(9) Concurrent Mark From Roots 11.857ms
[2021-09-18T09:04:26.927+0800][gc,marking    ] GC(9) Concurrent Preclean
[2021-09-18T09:04:26.927+0800][gc,marking    ] GC(9) Concurrent Preclean 0.143ms
[2021-09-18T09:04:26.927+0800][gc,marking    ] GC(9) Concurrent Mark (24.655s, 24.667s) 12.106ms
[2021-09-18T09:04:26.928+0800][gc,start      ] GC(9) Pause Remark
[2021-09-18T09:04:26.969+0800][gc,stringtable] GC(9) Cleaned string and symbol table, strings: 30067 processed, 24 removed, symbols: 170785 processed, 328 removed
[2021-09-18T09:04:26.969+0800][gc            ] GC(9) Pause Remark 30M->30M(512M) 41.361ms
[2021-09-18T09:04:26.969+0800][gc,cpu        ] GC(9) User=0.04s Sys=0.06s Real=0.04s
[2021-09-18T09:04:26.969+0800][gc,marking    ] GC(9) Concurrent Rebuild Remembered Sets
[2021-09-18T09:04:26.977+0800][gc,marking    ] GC(9) Concurrent Rebuild Remembered Sets 7.469ms
[2021-09-18T09:04:26.983+0800][gc,start      ] GC(9) Pause Cleanup
[2021-09-18T09:04:26.983+0800][gc            ] GC(9) Pause Cleanup 30M->30M(512M) 0.119ms
[2021-09-18T09:04:26.983+0800][gc,cpu        ] GC(9) User=0.01s Sys=0.00s Real=0.00s
[2021-09-18T09:04:26.983+0800][gc,marking    ] GC(9) Concurrent Cleanup for Next Mark
[2021-09-18T09:04:26.985+0800][gc,marking    ] GC(9) Concurrent Cleanup for Next Mark 2.098ms
[2021-09-18T09:04:26.985+0800][gc            ] GC(9) Concurrent Cycle 76.537ms
[2021-09-18T09:04:32.267+0800][gc,start      ] GC(10) Pause Young (Normal) (G1 Evacuation Pause)
[2021-09-18T09:04:32.267+0800][gc,task       ] GC(10) Using 8 workers of 8 for evacuation
[2021-09-18T09:04:32.300+0800][gc,phases     ] GC(10)   Pre Evacuate Collection Set: 0.1ms
[2021-09-18T09:04:32.300+0800][gc,phases     ] GC(10)   Evacuate Collection Set: 28.6ms
[2021-09-18T09:04:32.300+0800][gc,phases     ] GC(10)   Post Evacuate Collection Set: 4.0ms
[2021-09-18T09:04:32.300+0800][gc,phases     ] GC(10)   Other: 0.2ms
[2021-09-18T09:04:32.300+0800][gc,heap       ] GC(10) Eden regions: 238->0(231)
[2021-09-18T09:04:32.300+0800][gc,heap       ] GC(10) Survivor regions: 18->25(32)
[2021-09-18T09:04:32.300+0800][gc,heap       ] GC(10) Old regions: 12->12
[2021-09-18T09:04:32.300+0800][gc,heap       ] GC(10) Humongous regions: 5->5
[2021-09-18T09:04:32.300+0800][gc,metaspace  ] GC(10) Metaspace: 68571K->68571K(1112064K)
[2021-09-18T09:04:32.300+0800][gc            ] GC(10) Pause Young (Normal) (G1 Evacuation Pause) 272M->41M(512M) 33.019ms
[2021-09-18T09:04:32.300+0800][gc,cpu        ] GC(10) User=0.13s Sys=0.06s Real=0.04s
